2025-11-20 08:02:15.715766 INFO::Writing function arguments to log file
2025-11-20 08:02:15.721751 DEBUG::Function arguments
2025-11-20 08:02:15.72753 DEBUG::Output folder: /home/julianne/Documents/slc_si_paper/results/SMT_Maaslin3/Full//Sequencing_Depth_Site_Sex_Genotype
2025-11-20 08:02:15.727861 DEBUG::Formula:
2025-11-20 08:02:15.728101 DEBUG::Fixed effects: Sequencing_Depth,Site,Sex,Genotype
2025-11-20 08:02:15.728318 DEBUG::Reference:
2025-11-20 08:02:15.728519 DEBUG::Random effects:
2025-11-20 08:02:15.728716 DEBUG::Group effects:
2025-11-20 08:02:15.72891 DEBUG::Ordered effects:
2025-11-20 08:02:15.729102 DEBUG::Strata effects:
2025-11-20 08:02:15.729292 DEBUG::Min Abundance: 0.000000
2025-11-20 08:02:15.729474 DEBUG::Min Prevalence: 0.000000
2025-11-20 08:02:15.729659 DEBUG::Max Prevalence: 1.000000
2025-11-20 08:02:15.729875 DEBUG::Zero Threshold: 0.000000
2025-11-20 08:02:15.730066 DEBUG::Min variance: 0.000000
2025-11-20 08:02:15.730251 DEBUG::Max significance: 0.250000
2025-11-20 08:02:15.730436 DEBUG::Normalization: TSS
2025-11-20 08:02:15.730621 DEBUG::Transform: LOG
2025-11-20 08:02:15.730806 DEBUG::Correction method: BH
2025-11-20 08:02:15.730991 DEBUG::Standardize: TRUE
2025-11-20 08:02:15.731178 DEBUG::Abundance median comparison: TRUE
2025-11-20 08:02:15.731365 DEBUG::Prevalence median comparison: FALSE
2025-11-20 08:02:15.731553 DEBUG::Abundance median comparison threshold: 0
2025-11-20 08:02:15.731743 DEBUG::Prevalence median comparison threshold: 0
2025-11-20 08:02:15.731935 DEBUG::Subtract median: FALSE
2025-11-20 08:02:15.732161 DEBUG::Warn prevalence: TRUE
2025-11-20 08:02:15.732359 DEBUG::Small random effects: FALSE
2025-11-20 08:02:15.732549 DEBUG::Augment: TRUE
2025-11-20 08:02:15.73274 DEBUG::Evaluate only:
2025-11-20 08:02:15.732928 DEBUG::Cores: 1
2025-11-20 08:02:15.733132 DEBUG::Balanced Summary plot: FALSE
2025-11-20 08:02:15.733583 INFO::Verifying options selected are valid
2025-11-20 08:02:15.734782 INFO::Determining format of input files
2025-11-20 08:02:15.73547 INFO::Input format is data samples as columns and metadata samples as rows
2025-11-20 08:02:15.737401 DEBUG::Transformed data so samples are rows
2025-11-20 08:02:15.737825 DEBUG::A total of 50 samples were found in both the data and metadata
2025-11-20 08:02:15.738095 DEBUG::Reordering data/metadata to use same sample ordering
2025-11-20 08:02:15.741278 INFO::Formula for fixed effects: expr ~  Sequencing_Depth + Site + Sex + Genotype
2025-11-20 08:02:15.742555 INFO::Running selected normalization method: TSS
2025-11-20 08:02:15.750825 INFO::Writing normalized data to file /home/julianne/Documents/slc_si_paper/results/SMT_Maaslin3/Full//Sequencing_Depth_Site_Sex_Genotype/features/data_norm.tsv
2025-11-20 08:02:15.758551 INFO::Filter data based on min abundance, min prevalence, and max prevalence
2025-11-20 08:02:15.75926 INFO::Total samples in data: 50
2025-11-20 08:02:15.759695 INFO::Min samples required with min abundance for a feature not to be filtered: 0.000000
2025-11-20 08:02:15.760168 INFO::Max samples allowed with min abundance for a feature not to be filtered: 50.000000
2025-11-20 08:02:15.800939 INFO::Total filtered features: 123
2025-11-20 08:02:15.801744 INFO::Filtered feature names from abundance, min prevalence, and max prevalence filtering: Anaerotruncus_sp_1XD42_93, Bacteria_unclassified_SGB41508, Bacteria_unclassified_SGB43539, Bacteria_unclassified_SGB43541, Bacteria_unclassified_SGB44461, Bacteroides_acidifaciens, Bacteroides_uniformis, Enterococcus_faecalis, GGB15004_SGB41589, GGB23844_SGB35575, GGB27476_SGB39769, GGB27476_SGB43516, GGB27485_SGB39778, GGB27485_SGB41588, GGB27697_SGB40070, GGB28250_SGB40793, GGB28386_SGB40966, GGB28387_SGB40967, GGB28388_SGB40968, GGB28393_SGB40973, GGB28395_SGB40976, GGB28402_SGB40984, GGB28403_SGB40190, GGB28409_SGB40991, GGB28416_SGB40998, GGB28418_SGB41001, GGB28422_SGB41005, GGB28428_SGB41011, GGB28433_SGB41016, GGB28437_SGB41020, GGB28784_SGB41437, GGB28791_SGB41444, GGB28828_SGB41484, GGB28831_SGB41487, GGB28839_SGB41503, GGB28840_SGB102297, GGB28842_SGB41507, GGB28846_SGB41513, GGB28851_SGB41518, GGB28854_SGB41523, GGB28870_SGB41548, GGB28875_SGB41555, GGB28879_SGB41559, GGB28881_SGB41561, GGB28888_SGB41569, GGB28926_SGB41623, GGB28951_SGB102295, GGB28958_SGB41667, GGB28959_SGB41668, GGB28963_SGB41672, GGB28980_SGB41692, GGB28981_SGB41693, GGB28989_SGB41703, GGB29001_SGB41717, GGB29004_SGB41721, GGB29005_SGB41723, GGB30141_SGB43066, GGB30142_SGB43067, GGB30290_SGB43252, GGB30301_SGB43265, GGB30302_SGB43266, GGB30302_SGB43267, GGB30303_SGB43268, GGB30451_SGB102185, GGB30454_SGB100837, GGB30457_SGB63218, GGB30463_SGB102197, GGB30463_SGB43537, GGB30620_SGB43754, GGB31064_SGB44328, GGB31109_SGB44380, GGB31111_SGB44382, GGB31179_SGB44472, GGB31312_SGB44628, GGB31701_SGB45057, GGB31793_SGB45163, GGB31822_SGB45198, GGB3583_SGB21441, GGB3661_SGB41629, GGB42321_SGB59488, GGB42327_SGB59494, GGB42342_SGB59510, GGB42343_SGB59511, GGB42344_SGB59512, GGB42601_SGB59797, GGB42608_SGB59804, GGB45293_SGB41002, GGB45513_SGB63185, GGB45536_SGB63216, GGB45977_SGB41021, GGB5207_SGB43496, GGB62427_SGB41546, GGB75053_SGB43494, GGB75055_SGB43513, GGB75064_SGB102200, GGB75064_SGB43546, GGB75085_SGB102286, GGB75314_SGB102498, GGB75896_SGB102365, GGB79592_SGB45219, GGB79594_SGB41414, GGB79628_SGB35895, GGB79729_SGB45197, GGB79760_SGB63182, GGB79844_SGB41536, GGB79848_SGB41595, GGB79854_SGB41662, GGB79989_SGB41645, Halomonas_SGB40985, Lachnospiraceae_bacterium_MD335, Lachnospiraceae_unclassified_SGB41424, Lactobacillus_SGB5158, Lactococcus_SGB40208, Limosilactobacillus_SGB43493, Muribaculaceae_bacterium_Isolate_013_NCI, Oscillibacter_SGB43505, Piscinibacter_SGB44477, bacterium_0_1xD8_82, bacterium_1XD42_76, bacterium_1xD8_48, bacterium_D16_29, bacterium_D16_63, bacterium_D16_76
2025-11-20 08:02:15.805571 INFO::Total features filtered by non-zero variance filtering: 66
2025-11-20 08:02:15.806306 INFO::Filtered feature names from variance filtering: Acinetobacter_courvalinii, Bacillota_unclassified_SGB102205, Bacteria_unclassified_SGB63107, Bacteroides_SGB40318, Bacteroides_thetaiotaomicron, Barnesiella_sp_CU968, Candidatus_Metalachnospira_SGB63370, Clostridium_SGB40327, Clostridium_SGB65123, Clostridium_cocleatum, Dorea_sp_5_2, Eggerthellaceae_bacterium, Enterorhabdus_sp_P55, Erysipelotrichales_bacterium, GGB115278_SGB160297, GGB128437_SGB159705, GGB140903_SGB63218, GGB143833_SGB43513, GGB24149_SGB35953, GGB27481_SGB39777, GGB27872_SGB40306, GGB28330_SGB40904, GGB28849_SGB41516, GGB28865_SGB41536, GGB28887_SGB41568, GGB28903_SGB41594, GGB28908_SGB41656, GGB28933_SGB59816, GGB28945_SGB41650, GGB28954_SGB41661, GGB28954_SGB41662, GGB28967_SGB41417, GGB28967_SGB41678, GGB28968_SGB41679, GGB28981_SGB41694, GGB29546_SGB42339, GGB29559_SGB42355, GGB30048_SGB42949, GGB30408_SGB43438, GGB30409_SGB43439, GGB30450_SGB43507, GGB30450_SGB43508, GGB30466_SGB63211, GGB30621_SGB43756, GGB31184_SGB44478, GGB31823_SGB45199, GGB31841_SGB45219, GGB45506_SGB63178, GGB45650_SGB63364, GGB75060_SGB102173, GGB75072_SGB102164, GGB75112_SGB102247, GGB79698_SGB41545, GGB79804_SGB41650, GGB79948_SGB41679, GGB80168_SGB43527, Hungateiclostridiaceae_bacterium_KB18, Lachnospiraceae_bacterium_A4, Lachnospiraceae_unclassified_SGB41402, Muribaculaceae_bacterium_Isolate_110_HZI, Oscillibacter_SGB102176, Oscillibacter_sp_1_3, Prevotella_sp_MGM1, Turicibacter_sp_TS3, bacterium_1XD21_13, bacterium_1XD42_54
2025-11-20 08:02:15.806784 INFO::Writing filtered data to file /home/julianne/Documents/slc_si_paper/results/SMT_Maaslin3/Full//Sequencing_Depth_Site_Sex_Genotype/features/filtered_data.tsv
2025-11-20 08:02:15.811768 INFO::Running selected transform method: LOG
2025-11-20 08:02:15.814333 INFO::Writing normalized, filtered, transformed data to file /home/julianne/Documents/slc_si_paper/results/SMT_Maaslin3/Full//Sequencing_Depth_Site_Sex_Genotype/features/data_transformed.tsv
2025-11-20 08:02:15.819736 INFO::Factor detected for categorial metadata 'Genotype'. Using as-is.
2025-11-20 08:02:15.820307 INFO::Applying z-score to standardize continuous metadata
2025-11-20 08:02:15.827868 INFO::Running the linear model component
2025-11-20 08:02:15.831471 DEBUG::Object: augment, Size: 56
2025-11-20 08:02:15.831884 DEBUG::Object: cluster, Size: 0
2025-11-20 08:02:15.832167 DEBUG::Object: cores, Size: 56
2025-11-20 08:02:15.832398 DEBUG::Object: correction, Size: 112
2025-11-20 08:02:15.832612 DEBUG::Object: extract_out, Size: 1976
2025-11-20 08:02:15.832845 DEBUG::Object: feature_specific_covariate, Size: 0
2025-11-20 08:02:15.833054 DEBUG::Object: feature_specific_covariate_name, Size: 0
2025-11-20 08:02:15.833258 DEBUG::Object: feature_specific_covariate_record, Size: 0
2025-11-20 08:02:15.833483 DEBUG::Object: features, Size: 113592
2025-11-20 08:02:15.833705 DEBUG::Object: formula, Size: 1568
2025-11-20 08:02:15.833942 DEBUG::Object: fun_list, Size: 58768
2025-11-20 08:02:15.83426 DEBUG::Object: func_to_run, Size: 435336
2025-11-20 08:02:15.834467 DEBUG::Object: groups, Size: 48
2025-11-20 08:02:15.834671 DEBUG::Object: median_comparison, Size: 56
2025-11-20 08:02:15.834875 DEBUG::Object: median_comparison_threshold, Size: 56
2025-11-20 08:02:15.835097 DEBUG::Object: metadata, Size: 14256
2025-11-20 08:02:15.835304 DEBUG::Object: model, Size: 112
2025-11-20 08:02:15.835608 DEBUG::Object: model_function, Size: 8864
2025-11-20 08:02:15.836162 DEBUG::Object: ordereds, Size: 48
2025-11-20 08:02:15.836744 DEBUG::Object: random_effects_formula, Size: 0
2025-11-20 08:02:15.837154 DEBUG::Object: ranef_function, Size: 0
2025-11-20 08:02:15.837447 DEBUG::Object: save_models, Size: 56
2025-11-20 08:02:15.837722 DEBUG::Object: small_random_effects, Size: 56
2025-11-20 08:02:15.837965 DEBUG::Object: strata, Size: 48
2025-11-20 08:02:15.838202 DEBUG::Object: subtract_median, Size: 56
2025-11-20 08:02:15.838442 DEBUG::Object: summary_function, Size: 49424
2025-11-20 08:02:15.838762 DEBUG::Object: func_to_run, Size: 435336
2025-11-20 08:02:15.857329 INFO::Fitting model to feature number 1, Acetatifactor_aquisgranensis
2025-11-20 08:02:15.870923 INFO::Fitting model to feature number 2, Acutalibacter_caecimuris
2025-11-20 08:02:15.876554 WARNING::Fitting problem for feature 2 returning NA
2025-11-20 08:02:15.87888 INFO::Fitting model to feature number 3, Acutalibacter_intestini
2025-11-20 08:02:15.930031 INFO::Fitting model to feature number 4, Acutalibacter_muris
2025-11-20 08:02:15.935511 INFO::Fitting model to feature number 5, Acutalibacter_sp_1XD8_33
2025-11-20 08:02:15.939494 INFO::Fitting model to feature number 6, Adlercreutzia_SGB42953
2025-11-20 08:02:15.942806 WARNING::Fitting problem for feature 6 returning NA
2025-11-20 08:02:15.945835 INFO::Fitting model to feature number 7, Adlercreutzia_aquisgranensis
2025-11-20 08:02:15.952017 INFO::Fitting model to feature number 8, Adlercreutzia_caecimuris
2025-11-20 08:02:15.95843 INFO::Fitting model to feature number 9, Adlercreutzia_mucosicola
2025-11-20 08:02:15.965025 INFO::Fitting model to feature number 10, Adlercreutzia_muris
2025-11-20 08:02:15.972297 INFO::Fitting model to feature number 11, Akkermansia_muciniphila
2025-11-20 08:02:15.977791 INFO::Fitting model to feature number 12, Alistipes_finegoldii
2025-11-20 08:02:15.981848 INFO::Fitting model to feature number 13, Alistipes_muris
2025-11-20 08:02:15.988538 INFO::Fitting model to feature number 14, Alistipes_timonensis
2025-11-20 08:02:15.994605 INFO::Fitting model to feature number 15, Anaerostipes_hominis
2025-11-20 08:02:15.997934 INFO::Fitting model to feature number 16, Anaerostipes_hominis_ex_Lee_et_al_2021
2025-11-20 08:02:16.000557 INFO::Fitting model to feature number 17, Atopobiaceae_bacterium_FL090493
2025-11-20 08:02:16.003276 INFO::Fitting model to feature number 18, Bacillota_unclassified_SGB43543
2025-11-20 08:02:16.005949 INFO::Fitting model to feature number 19, Bacillota_unclassified_SGB43546
2025-11-20 08:02:16.010342 INFO::Fitting model to feature number 20, Bacillota_unclassified_SGB43549
2025-11-20 08:02:16.014971 INFO::Fitting model to feature number 21, Bacillota_unclassified_SGB43550
2025-11-20 08:02:16.018207 INFO::Fitting model to feature number 22, Bacillota_unclassified_SGB63211
2025-11-20 08:02:16.023616 INFO::Fitting model to feature number 23, Bacteroidales_bacterium
2025-11-20 08:02:16.028852 INFO::Fitting model to feature number 24, Bacteroides_caecimuris
2025-11-20 08:02:16.031867 INFO::Fitting model to feature number 25, Bacteroides_intestinalis
2025-11-20 08:02:16.034757 INFO::Fitting model to feature number 26, Bifidobacterium_pseudolongum
2025-11-20 08:02:16.040428 INFO::Fitting model to feature number 27, Blautia_pseudococcoides
2025-11-20 08:02:16.043997 INFO::Fitting model to feature number 28, Caniella_muris
2025-11-20 08:02:16.048666 INFO::Fitting model to feature number 29, Clostridia_bacterium
2025-11-20 08:02:16.053413 INFO::Fitting model to feature number 30, Clostridiaceae_bacterium
2025-11-20 08:02:16.058048 INFO::Fitting model to feature number 31, Clostridiales_bacterium
2025-11-20 08:02:16.062462 INFO::Fitting model to feature number 32, Coriobacteriaceae_bacterium
2025-11-20 08:02:16.066787 INFO::Fitting model to feature number 33, Cutibacterium_acnes
2025-11-20 08:02:16.069238 INFO::Fitting model to feature number 34, Duncaniella_dubosii
2025-11-20 08:02:16.073627 INFO::Fitting model to feature number 35, Duncaniella_freteri
2025-11-20 08:02:16.078095 INFO::Fitting model to feature number 36, Duncaniella_muricolitica
2025-11-20 08:02:16.143023 INFO::Fitting model to feature number 37, Duncaniella_muris
2025-11-20 08:02:16.147312 INFO::Fitting model to feature number 38, Enterococcus_gallinarum
2025-11-20 08:02:16.149615 INFO::Fitting model to feature number 39, Escherichia_coli
2025-11-20 08:02:16.154306 INFO::Fitting model to feature number 40, Eubacteriaceae_bacterium
2025-11-20 08:02:16.159703 INFO::Fitting model to feature number 41, Faecalibaculum_rodentium
2025-11-20 08:02:16.164545 INFO::Fitting model to feature number 42, Flintibacter_SGB43538
2025-11-20 08:02:16.166834 WARNING::Fitting problem for feature 42 returning NA
2025-11-20 08:02:16.168559 INFO::Fitting model to feature number 43, GGB115370_SGB161393
2025-11-20 08:02:16.171263 WARNING::Fitting problem for feature 43 returning NA
2025-11-20 08:02:16.173255 INFO::Fitting model to feature number 44, GGB14001_SGB21428
2025-11-20 08:02:16.178721 INFO::Fitting model to feature number 45, GGB141797_SGB41693
2025-11-20 08:02:16.181291 INFO::Fitting model to feature number 46, GGB143828_SGB43507
2025-11-20 08:02:16.183379 WARNING::Fitting problem for feature 46 returning NA
2025-11-20 08:02:16.184992 INFO::Fitting model to feature number 47, GGB1503_SGB2082
2025-11-20 08:02:16.189407 INFO::Fitting model to feature number 48, GGB1690_SGB40190
2025-11-20 08:02:16.191491 WARNING::Fitting problem for feature 48 returning NA
2025-11-20 08:02:16.193308 INFO::Fitting model to feature number 49, GGB18828_SGB27767
2025-11-20 08:02:16.197687 INFO::Fitting model to feature number 50, GGB22635_SGB33556
2025-11-20 08:02:16.202759 INFO::Fitting model to feature number 51, GGB22635_SGB63107
2025-11-20 08:02:16.20924 INFO::Fitting model to feature number 52, GGB24132_SGB35935
2025-11-20 08:02:16.214468 INFO::Fitting model to feature number 53, GGB24146_SGB35950
2025-11-20 08:02:16.2208 INFO::Fitting model to feature number 54, GGB24148_SGB35952
2025-11-20 08:02:16.228 INFO::Fitting model to feature number 55, GGB25041_SGB36960
2025-11-20 08:02:16.23274 INFO::Fitting model to feature number 56, GGB27478_SGB39772
2025-11-20 08:02:16.23809 INFO::Fitting model to feature number 57, GGB27480_SGB39776
2025-11-20 08:02:16.242672 INFO::Fitting model to feature number 58, GGB27482_SGB39778
2025-11-20 08:02:16.248022 INFO::Fitting model to feature number 59, GGB27770_SGB40184
2025-11-20 08:02:16.251326 WARNING::Fitting problem for feature 59 returning NA
2025-11-20 08:02:16.254193 INFO::Fitting model to feature number 60, GGB27849_SGB40283
2025-11-20 08:02:16.261331 INFO::Fitting model to feature number 61, GGB27860_SGB40294
2025-11-20 08:02:16.266871 INFO::Fitting model to feature number 62, GGB27861_SGB40295
2025-11-20 08:02:16.271451 INFO::Fitting model to feature number 63, GGB27866_SGB40300
2025-11-20 08:02:16.275554 INFO::Fitting model to feature number 64, GGB27873_SGB41457
2025-11-20 08:02:16.278214 INFO::Fitting model to feature number 65, GGB27876_SGB40310
2025-11-20 08:02:16.282508 INFO::Fitting model to feature number 66, GGB27884_SGB40318
2025-11-20 08:02:16.286761 INFO::Fitting model to feature number 67, GGB27885_SGB40319
2025-11-20 08:02:16.290914 INFO::Fitting model to feature number 68, GGB27894_SGB40329
2025-11-20 08:02:16.293535 INFO::Fitting model to feature number 69, GGB27919_SGB40357
2025-11-20 08:02:16.297988 INFO::Fitting model to feature number 70, GGB27929_SGB40368
2025-11-20 08:02:16.30225 INFO::Fitting model to feature number 71, GGB28310_SGB40880
2025-11-20 08:02:16.306903 INFO::Fitting model to feature number 72, GGB28317_SGB40889
2025-11-20 08:02:16.311206 INFO::Fitting model to feature number 73, GGB28380_SGB40960
2025-11-20 08:02:16.313288 WARNING::Fitting problem for feature 73 returning NA
2025-11-20 08:02:16.314865 INFO::Fitting model to feature number 74, GGB28382_SGB40962
2025-11-20 08:02:16.318881 INFO::Fitting model to feature number 75, GGB28394_SGB40975
2025-11-20 08:02:16.322132 INFO::Fitting model to feature number 76, GGB28419_SGB41002
2025-11-20 08:02:16.325889 INFO::Fitting model to feature number 77, GGB28421_SGB41004
2025-11-20 08:02:16.329346 INFO::Fitting model to feature number 78, GGB28439_SGB41022
2025-11-20 08:02:16.333697 INFO::Fitting model to feature number 79, GGB28456_SGB41039
2025-11-20 08:02:16.337265 INFO::Fitting model to feature number 80, GGB28765_SGB41414
2025-11-20 08:02:16.339648 INFO::Fitting model to feature number 81, GGB28769_SGB41421
2025-11-20 08:02:16.34386 INFO::Fitting model to feature number 82, GGB28772_SGB41425
2025-11-20 08:02:16.348242 INFO::Fitting model to feature number 83, GGB28778_SGB41431
2025-11-20 08:02:16.352827 INFO::Fitting model to feature number 84, GGB28793_SGB41446
2025-11-20 08:02:16.355258 INFO::Fitting model to feature number 85, GGB28796_SGB41449
2025-11-20 08:02:16.357509 INFO::Fitting model to feature number 86, GGB28803_SGB41457
2025-11-20 08:02:16.36216 INFO::Fitting model to feature number 87, GGB28814_SGB41469
2025-11-20 08:02:16.364521 INFO::Fitting model to feature number 88, GGB28845_SGB41512
2025-11-20 08:02:16.366576 WARNING::Fitting problem for feature 88 returning NA
2025-11-20 08:02:16.368132 INFO::Fitting model to feature number 89, GGB28865_SGB41537
2025-11-20 08:02:16.371122 INFO::Fitting model to feature number 90, GGB28869_SGB41543
2025-11-20 08:02:16.373446 INFO::Fitting model to feature number 91, GGB28870_SGB41545
2025-11-20 08:02:16.37574 INFO::Fitting model to feature number 92, GGB28870_SGB41546
2025-11-20 08:02:16.378464 INFO::Fitting model to feature number 93, GGB28879_SGB43526
2025-11-20 08:02:16.382611 INFO::Fitting model to feature number 94, GGB28898_SGB41580
2025-11-20 08:02:16.387137 INFO::Fitting model to feature number 95, GGB28901_SGB41592
2025-11-20 08:02:16.391232 INFO::Fitting model to feature number 96, GGB28904_SGB41597
2025-11-20 08:02:16.395954 INFO::Fitting model to feature number 97, GGB28925_SGB41622
2025-11-20 08:02:16.39819 WARNING::Fitting problem for feature 97 returning NA
2025-11-20 08:02:16.399823 INFO::Fitting model to feature number 98, GGB28927_SGB41625
2025-11-20 08:02:16.403753 INFO::Fitting model to feature number 99, GGB28928_SGB41627
2025-11-20 08:02:16.406454 INFO::Fitting model to feature number 100, GGB28934_SGB41635
2025-11-20 08:02:16.409108 INFO::Fitting model to feature number 101, GGB28942_SGB41646
2025-11-20 08:02:16.411822 INFO::Fitting model to feature number 102, GGB28946_SGB41652
2025-11-20 08:02:16.413947 WARNING::Fitting problem for feature 102 returning NA
2025-11-20 08:02:16.415563 INFO::Fitting model to feature number 103, GGB28948_SGB41654
2025-11-20 08:02:16.419065 INFO::Fitting model to feature number 104, GGB28949_SGB41655
2025-11-20 08:02:16.424233 INFO::Fitting model to feature number 105, GGB28949_SGB41656
2025-11-20 08:02:16.429125 INFO::Fitting model to feature number 106, GGB28956_SGB41665
2025-11-20 08:02:16.431965 INFO::Fitting model to feature number 107, GGB28957_SGB41666
2025-11-20 08:02:16.434727 INFO::Fitting model to feature number 108, GGB28961_SGB41670
2025-11-20 08:02:16.437986 INFO::Fitting model to feature number 109, GGB28988_SGB41701
2025-11-20 08:02:16.443366 INFO::Fitting model to feature number 110, GGB28990_SGB41704
2025-11-20 08:02:16.445776 INFO::Fitting model to feature number 111, GGB29003_SGB41719
2025-11-20 08:02:16.44857 INFO::Fitting model to feature number 112, GGB29531_SGB42317
2025-11-20 08:02:16.452832 INFO::Fitting model to feature number 113, GGB30045_SGB42945
2025-11-20 08:02:16.456961 INFO::Fitting model to feature number 114, GGB30046_SGB42947
2025-11-20 08:02:16.461236 INFO::Fitting model to feature number 115, GGB30147_SGB43074
2025-11-20 08:02:16.463594 INFO::Fitting model to feature number 116, GGB30294_SGB43258
2025-11-20 08:02:16.467455 INFO::Fitting model to feature number 117, GGB30296_SGB43260
2025-11-20 08:02:16.469555 WARNING::Fitting problem for feature 117 returning NA
2025-11-20 08:02:16.471544 INFO::Fitting model to feature number 118, GGB30298_SGB43262
2025-11-20 08:02:16.473497 WARNING::Fitting problem for feature 118 returning NA
2025-11-20 08:02:16.475024 INFO::Fitting model to feature number 119, GGB30414_SGB43453
2025-11-20 08:02:16.47749 INFO::Fitting model to feature number 120, GGB30454_SGB43514
2025-11-20 08:02:16.47958 WARNING::Fitting problem for feature 120 returning NA
2025-11-20 08:02:16.481113 INFO::Fitting model to feature number 121, GGB30454_SGB43516
2025-11-20 08:02:16.483074 WARNING::Fitting problem for feature 121 returning NA
2025-11-20 08:02:16.484614 INFO::Fitting model to feature number 122, GGB30455_SGB43519
2025-11-20 08:02:16.488955 INFO::Fitting model to feature number 123, GGB30460_SGB43527
2025-11-20 08:02:16.49116 WARNING::Fitting problem for feature 123 returning NA
2025-11-20 08:02:16.492693 INFO::Fitting model to feature number 124, GGB30461_SGB102216
2025-11-20 08:02:16.494734 WARNING::Fitting problem for feature 124 returning NA
2025-11-20 08:02:16.496379 INFO::Fitting model to feature number 125, GGB30461_SGB43529
2025-11-20 08:02:16.498352 WARNING::Fitting problem for feature 125 returning NA
2025-11-20 08:02:16.49989 INFO::Fitting model to feature number 126, GGB30461_SGB63204
2025-11-20 08:02:16.502845 INFO::Fitting model to feature number 127, GGB30461_SGB63208
2025-11-20 08:02:16.505458 WARNING::Fitting problem for feature 127 returning NA
2025-11-20 08:02:16.50725 INFO::Fitting model to feature number 128, GGB30461_SGB63209
2025-11-20 08:02:16.512173 INFO::Fitting model to feature number 129, GGB30468_SGB43552
2025-11-20 08:02:16.514622 WARNING::Fitting problem for feature 129 returning NA
2025-11-20 08:02:16.516407 INFO::Fitting model to feature number 130, GGB30472_SGB43556
2025-11-20 08:02:16.519049 INFO::Fitting model to feature number 131, GGB30475_SGB63182
2025-11-20 08:02:16.521593 WARNING::Fitting problem for feature 131 returning NA
2025-11-20 08:02:16.523366 INFO::Fitting model to feature number 132, GGB30667_SGB43809
2025-11-20 08:02:16.5255 WARNING::Fitting problem for feature 132 returning NA
2025-11-20 08:02:16.527872 INFO::Fitting model to feature number 133, GGB30861_SGB44083
2025-11-20 08:02:16.535387 INFO::Fitting model to feature number 134, GGB31108_SGB44379
2025-11-20 08:02:16.539562 WARNING::Fitting problem for feature 134 returning NA
2025-11-20 08:02:16.546122 INFO::Fitting model to feature number 135, GGB3171_SGB4185
2025-11-20 08:02:16.550999 INFO::Fitting model to feature number 136, GGB32371_SGB41694
2025-11-20 08:02:16.553646 WARNING::Fitting problem for feature 136 returning NA
2025-11-20 08:02:16.555496 INFO::Fitting model to feature number 137, GGB42322_SGB59489
2025-11-20 08:02:16.558206 INFO::Fitting model to feature number 138, GGB42570_SGB59765
2025-11-20 08:02:16.563211 INFO::Fitting model to feature number 139, GGB42598_SGB59794
2025-11-20 08:02:16.568244 INFO::Fitting model to feature number 140, GGB42646_SGB59844
2025-11-20 08:02:16.570961 WARNING::Fitting problem for feature 140 returning NA
2025-11-20 08:02:16.57273 INFO::Fitting model to feature number 141, GGB45514_SGB63186
2025-11-20 08:02:16.577432 INFO::Fitting model to feature number 142, GGB45515_SGB63187
2025-11-20 08:02:16.579914 WARNING::Fitting problem for feature 142 returning NA
2025-11-20 08:02:16.581654 INFO::Fitting model to feature number 143, GGB45656_SGB63370
2025-11-20 08:02:16.584262 INFO::Fitting model to feature number 144, GGB46159_SGB63927
2025-11-20 08:02:16.589297 INFO::Fitting model to feature number 145, GGB46162_SGB63930
2025-11-20 08:02:16.597086 INFO::Fitting model to feature number 146, GGB70518_SGB94950
2025-11-20 08:02:16.601254 WARNING::Fitting problem for feature 146 returning NA
2025-11-20 08:02:16.604167 INFO::Fitting model to feature number 147, GGB70852_SGB95305
2025-11-20 08:02:16.611133 INFO::Fitting model to feature number 148, GGB73359_SGB46611
2025-11-20 08:02:16.613773 WARNING::Fitting problem for feature 148 returning NA
2025-11-20 08:02:16.615857 INFO::Fitting model to feature number 149, GGB74395_SGB43523
2025-11-20 08:02:16.618367 WARNING::Fitting problem for feature 149 returning NA
2025-11-20 08:02:16.620767 INFO::Fitting model to feature number 150, GGB74408_SGB43542
2025-11-20 08:02:16.623885 INFO::Fitting model to feature number 151, GGB75057_SGB102223
2025-11-20 08:02:16.627729 WARNING::Fitting problem for feature 151 returning NA
2025-11-20 08:02:16.630737 INFO::Fitting model to feature number 152, GGB75074_SGB102167
2025-11-20 08:02:17.057501 WARNING::Fitting problem for feature 152 returning NA
2025-11-20 08:02:17.059773 INFO::Fitting model to feature number 153, GGB75094_SGB102310
2025-11-20 08:02:17.062196 INFO::Fitting model to feature number 154, GGB75104_SGB102231
2025-11-20 08:02:17.064576 INFO::Fitting model to feature number 155, GGB75725_SGB102612
2025-11-20 08:02:17.06848 INFO::Fitting model to feature number 156, GGB75726_SGB102611
2025-11-20 08:02:17.072751 INFO::Fitting model to feature number 157, GGB75879_SGB103683
2025-11-20 08:02:17.077017 INFO::Fitting model to feature number 158, GGB79741_SGB1950
2025-11-20 08:02:17.079458 INFO::Fitting model to feature number 159, GGB80032_SGB42945
2025-11-20 08:02:17.081708 INFO::Fitting model to feature number 160, GGB9439_SGB42949
2025-11-20 08:02:17.085552 INFO::Fitting model to feature number 161, Hominisplanchenecus_murintestinalis
2025-11-20 08:02:17.089835 INFO::Fitting model to feature number 162, Lachnospiraceae_bacterium
2025-11-20 08:02:17.093585 INFO::Fitting model to feature number 163, Lachnospiraceae_bacterium_A2
2025-11-20 08:02:17.096075 INFO::Fitting model to feature number 164, Lachnospiraceae_bacterium_MD308
2025-11-20 08:02:17.098314 INFO::Fitting model to feature number 165, Lachnospiraceae_unclassified_SGB41405
2025-11-20 08:02:17.101959 INFO::Fitting model to feature number 166, Lachnospiraceae_unclassified_SGB7275
2025-11-20 08:02:17.106321 INFO::Fitting model to feature number 167, Lactobacillus_intestinalis
2025-11-20 08:02:17.110096 INFO::Fitting model to feature number 168, Lactobacillus_johnsonii
2025-11-20 08:02:17.114376 INFO::Fitting model to feature number 169, Lepagella_muris
2025-11-20 08:02:17.118695 INFO::Fitting model to feature number 170, Ligilactobacillus_murinus
2025-11-20 08:02:17.122798 INFO::Fitting model to feature number 171, Limosilactobacillus_reuteri
2025-11-20 08:02:17.126716 INFO::Fitting model to feature number 172, Muribaculaceae_bacterium
2025-11-20 08:02:17.131593 INFO::Fitting model to feature number 173, Muribaculum_gordoncarteri
2025-11-20 08:02:17.135522 INFO::Fitting model to feature number 174, Muribaculum_intestinale
2025-11-20 08:02:17.139879 INFO::Fitting model to feature number 175, Muricaecibacterium_torontonense
2025-11-20 08:02:17.143836 INFO::Fitting model to feature number 176, Neglectibacter_caecimuris
2025-11-20 08:02:17.147751 INFO::Fitting model to feature number 177, Neglectibacter_sp_X4
2025-11-20 08:02:17.15166 INFO::Fitting model to feature number 178, Oscillibacter_SGB43496
2025-11-20 08:02:17.154374 INFO::Fitting model to feature number 179, Oscillibacter_SGB43499
2025-11-20 08:02:17.156324 WARNING::Fitting problem for feature 179 returning NA
2025-11-20 08:02:17.157851 INFO::Fitting model to feature number 180, Oscillibacter_SGB43502
2025-11-20 08:02:17.159767 WARNING::Fitting problem for feature 180 returning NA
2025-11-20 08:02:17.161313 INFO::Fitting model to feature number 181, Oscillibacter_SGB94990
2025-11-20 08:02:17.163377 WARNING::Fitting problem for feature 181 returning NA
2025-11-20 08:02:17.1649 INFO::Fitting model to feature number 182, Oscillibacter_sp_CU971
2025-11-20 08:02:17.168611 INFO::Fitting model to feature number 183, Oscillospiraceae_bacterium
2025-11-20 08:02:17.170855 WARNING::Fitting problem for feature 183 returning NA
2025-11-20 08:02:17.172442 INFO::Fitting model to feature number 184, Oscillospiraceae_unclassified_SGB102175
2025-11-20 08:02:17.176167 INFO::Fitting model to feature number 185, Oscillospiraceae_unclassified_SGB43526
2025-11-20 08:02:17.17833 WARNING::Fitting problem for feature 185 returning NA
2025-11-20 08:02:17.179939 INFO::Fitting model to feature number 186, Parabacteroides_SGB1950
2025-11-20 08:02:17.182694 INFO::Fitting model to feature number 187, Parabacteroides_distasonis
2025-11-20 08:02:17.185002 INFO::Fitting model to feature number 188, Parabacteroides_goldsteinii
2025-11-20 08:02:17.188113 INFO::Fitting model to feature number 189, Paramuribaculum_intestinale
2025-11-20 08:02:17.191924 INFO::Fitting model to feature number 190, Parasutterella_muris
2025-11-20 08:02:17.19679 INFO::Fitting model to feature number 191, Parasutterella_sp_NM82_D38
2025-11-20 08:02:17.199831 INFO::Fitting model to feature number 192, Parvibacter_caecicola
2025-11-20 08:02:17.203773 INFO::Fitting model to feature number 193, Pseudoflavonifractor_sp_524_17
2025-11-20 08:02:17.206392 INFO::Fitting model to feature number 194, Pseudomonas_aeruginosa
2025-11-20 08:02:17.208563 INFO::Fitting model to feature number 195, Sangeribacter_muris
2025-11-20 08:02:17.212555 INFO::Fitting model to feature number 196, Schaedlerella_arabinosiphila
2025-11-20 08:02:17.216517 INFO::Fitting model to feature number 197, Thomasclavelia_cocleata
2025-11-20 08:02:17.220365 INFO::Fitting model to feature number 198, Turicibacter_sp_1E2
2025-11-20 08:02:17.224435 INFO::Fitting model to feature number 199, Turicimonas_muris
2025-11-20 08:02:17.228358 INFO::Fitting model to feature number 200, bacterium_1xD42_67
2025-11-20 08:02:17.24392 INFO::Performing tests against medians
2025-11-20 08:02:20.808653 INFO::Counting total values for each feature
2025-11-20 08:02:20.820793 INFO::Running the logistic model component
2025-11-20 08:02:20.823925 DEBUG::Object: augment, Size: 56
2025-11-20 08:02:20.824347 DEBUG::Object: cluster, Size: 0
2025-11-20 08:02:20.824619 DEBUG::Object: cores, Size: 56
2025-11-20 08:02:20.824841 DEBUG::Object: correction, Size: 112
2025-11-20 08:02:20.825054 DEBUG::Object: extract_out, Size: 1976
2025-11-20 08:02:20.825257 DEBUG::Object: feature_specific_covariate, Size: 0
2025-11-20 08:02:20.825455 DEBUG::Object: feature_specific_covariate_name, Size: 0
2025-11-20 08:02:20.825657 DEBUG::Object: feature_specific_covariate_record, Size: 0
2025-11-20 08:02:20.825894 DEBUG::Object: features, Size: 102280
2025-11-20 08:02:20.826095 DEBUG::Object: formula, Size: 1568
2025-11-20 08:02:20.826348 DEBUG::Object: fun_list, Size: 70920
2025-11-20 08:02:20.826646 DEBUG::Object: func_to_run, Size: 435336
2025-11-20 08:02:20.826878 DEBUG::Object: groups, Size: 48
2025-11-20 08:02:20.82713 DEBUG::Object: median_comparison, Size: 56
2025-11-20 08:02:20.827328 DEBUG::Object: median_comparison_threshold, Size: 56
2025-11-20 08:02:20.827535 DEBUG::Object: metadata, Size: 14256
2025-11-20 08:02:20.827731 DEBUG::Object: model, Size: 120
2025-11-20 08:02:20.827929 DEBUG::Object: model_function, Size: 21016
2025-11-20 08:02:20.828125 DEBUG::Object: ordereds, Size: 48
2025-11-20 08:02:20.828316 DEBUG::Object: random_effects_formula, Size: 0
2025-11-20 08:02:20.828507 DEBUG::Object: ranef_function, Size: 0
2025-11-20 08:02:20.828695 DEBUG::Object: save_models, Size: 56
2025-11-20 08:02:20.828885 DEBUG::Object: small_random_effects, Size: 56
2025-11-20 08:02:20.829092 DEBUG::Object: strata, Size: 48
2025-11-20 08:02:20.829299 DEBUG::Object: subtract_median, Size: 56
2025-11-20 08:02:20.829507 DEBUG::Object: summary_function, Size: 49424
2025-11-20 08:02:20.829825 DEBUG::Object: func_to_run, Size: 435336
2025-11-20 08:02:20.83017 INFO::Fitting model to feature number 1, Acetatifactor_aquisgranensis
2025-11-20 08:02:20.838711 INFO::Fitting model to feature number 2, Acutalibacter_caecimuris
2025-11-20 08:02:20.844903 INFO::Fitting model to feature number 3, Acutalibacter_intestini
2025-11-20 08:02:20.851128 INFO::Fitting model to feature number 4, Acutalibacter_muris
2025-11-20 08:02:20.857458 INFO::Fitting model to feature number 5, Acutalibacter_sp_1XD8_33
2025-11-20 08:02:20.863698 INFO::Fitting model to feature number 6, Adlercreutzia_SGB42953
2025-11-20 08:02:20.869918 INFO::Fitting model to feature number 7, Adlercreutzia_aquisgranensis
2025-11-20 08:02:20.876271 INFO::Fitting model to feature number 8, Adlercreutzia_caecimuris
2025-11-20 08:02:20.882602 INFO::Fitting model to feature number 9, Adlercreutzia_mucosicola
2025-11-20 08:02:20.888723 INFO::Fitting model to feature number 10, Adlercreutzia_muris
2025-11-20 08:02:20.895119 INFO::Fitting model to feature number 11, Akkermansia_muciniphila
2025-11-20 08:02:20.901721 INFO::Fitting model to feature number 12, Alistipes_finegoldii
2025-11-20 08:02:20.9081 INFO::Fitting model to feature number 13, Alistipes_muris
2025-11-20 08:02:20.914779 INFO::Fitting model to feature number 14, Alistipes_timonensis
2025-11-20 08:02:20.934183 INFO::Fitting model to feature number 15, Anaerostipes_hominis
2025-11-20 08:02:20.940583 INFO::Fitting model to feature number 16, Anaerostipes_hominis_ex_Lee_et_al_2021
2025-11-20 08:02:20.946933 INFO::Fitting model to feature number 17, Atopobiaceae_bacterium_FL090493
2025-11-20 08:02:20.953265 INFO::Fitting model to feature number 18, Bacillota_unclassified_SGB43543
2025-11-20 08:02:20.959746 INFO::Fitting model to feature number 19, Bacillota_unclassified_SGB43546
2025-11-20 08:02:20.966053 INFO::Fitting model to feature number 20, Bacillota_unclassified_SGB43549
2025-11-20 08:02:20.972004 INFO::Fitting model to feature number 21, Bacillota_unclassified_SGB43550
2025-11-20 08:02:20.978373 INFO::Fitting model to feature number 22, Bacillota_unclassified_SGB63211
2025-11-20 08:02:20.984693 INFO::Fitting model to feature number 23, Bacteroidales_bacterium
2025-11-20 08:02:20.991127 INFO::Fitting model to feature number 24, Bacteroides_caecimuris
2025-11-20 08:02:20.997328 INFO::Fitting model to feature number 25, Bacteroides_intestinalis
2025-11-20 08:02:21.003455 INFO::Fitting model to feature number 26, Bifidobacterium_pseudolongum
2025-11-20 08:02:21.009986 INFO::Fitting model to feature number 27, Blautia_pseudococcoides
2025-11-20 08:02:21.016335 INFO::Fitting model to feature number 28, Caniella_muris
2025-11-20 08:02:21.022188 INFO::Fitting model to feature number 29, Clostridia_bacterium
2025-11-20 08:02:21.028954 INFO::Fitting model to feature number 30, Clostridiaceae_bacterium
2025-11-20 08:02:21.035376 INFO::Fitting model to feature number 31, Clostridiales_bacterium
2025-11-20 08:02:21.042597 INFO::Fitting model to feature number 32, Coriobacteriaceae_bacterium
2025-11-20 08:02:21.04918 INFO::Fitting model to feature number 33, Cutibacterium_acnes
2025-11-20 08:02:21.055484 INFO::Fitting model to feature number 34, Duncaniella_dubosii
2025-11-20 08:02:21.062075 INFO::Fitting model to feature number 35, Duncaniella_freteri
2025-11-20 08:02:21.068789 INFO::Fitting model to feature number 36, Duncaniella_muricolitica
2025-11-20 08:02:21.075769 INFO::Fitting model to feature number 37, Duncaniella_muris
2025-11-20 08:02:21.082515 INFO::Fitting model to feature number 38, Enterococcus_gallinarum
2025-11-20 08:02:21.089401 INFO::Fitting model to feature number 39, Escherichia_coli
2025-11-20 08:02:21.096934 INFO::Fitting model to feature number 40, Eubacteriaceae_bacterium
2025-11-20 08:02:21.103935 INFO::Fitting model to feature number 41, Faecalibaculum_rodentium
2025-11-20 08:02:21.106247 INFO::Fitting model to feature number 42, Flintibacter_SGB43538
2025-11-20 08:02:21.113379 INFO::Fitting model to feature number 43, GGB115370_SGB161393
2025-11-20 08:02:21.11961 INFO::Fitting model to feature number 44, GGB14001_SGB21428
2025-11-20 08:02:21.12622 INFO::Fitting model to feature number 45, GGB141797_SGB41693
2025-11-20 08:02:21.132455 INFO::Fitting model to feature number 46, GGB143828_SGB43507
2025-11-20 08:02:21.138465 INFO::Fitting model to feature number 47, GGB1503_SGB2082
2025-11-20 08:02:21.144688 INFO::Fitting model to feature number 48, GGB1690_SGB40190
2025-11-20 08:02:21.15083 INFO::Fitting model to feature number 49, GGB18828_SGB27767
2025-11-20 08:02:21.157411 INFO::Fitting model to feature number 50, GGB22635_SGB33556
2025-11-20 08:02:21.163443 INFO::Fitting model to feature number 51, GGB22635_SGB63107
2025-11-20 08:02:21.169532 INFO::Fitting model to feature number 52, GGB24132_SGB35935
2025-11-20 08:02:21.176105 INFO::Fitting model to feature number 53, GGB24146_SGB35950
2025-11-20 08:02:21.182244 INFO::Fitting model to feature number 54, GGB24148_SGB35952
2025-11-20 08:02:21.188228 INFO::Fitting model to feature number 55, GGB25041_SGB36960
2025-11-20 08:02:21.194787 INFO::Fitting model to feature number 56, GGB27478_SGB39772
2025-11-20 08:02:21.200884 INFO::Fitting model to feature number 57, GGB27480_SGB39776
2025-11-20 08:02:21.206879 INFO::Fitting model to feature number 58, GGB27482_SGB39778
2025-11-20 08:02:21.212925 INFO::Fitting model to feature number 59, GGB27770_SGB40184
2025-11-20 08:02:21.218944 INFO::Fitting model to feature number 60, GGB27849_SGB40283
2025-11-20 08:02:21.2253 INFO::Fitting model to feature number 61, GGB27860_SGB40294
2025-11-20 08:02:21.2335 INFO::Fitting model to feature number 62, GGB27861_SGB40295
2025-11-20 08:02:21.243811 INFO::Fitting model to feature number 63, GGB27866_SGB40300
2025-11-20 08:02:21.250189 INFO::Fitting model to feature number 64, GGB27873_SGB41457
2025-11-20 08:02:21.256514 INFO::Fitting model to feature number 65, GGB27876_SGB40310
2025-11-20 08:02:21.262935 INFO::Fitting model to feature number 66, GGB27884_SGB40318
2025-11-20 08:02:21.270174 INFO::Fitting model to feature number 67, GGB27885_SGB40319
2025-11-20 08:02:21.276965 INFO::Fitting model to feature number 68, GGB27894_SGB40329
2025-11-20 08:02:21.283327 INFO::Fitting model to feature number 69, GGB27919_SGB40357
2025-11-20 08:02:21.289524 INFO::Fitting model to feature number 70, GGB27929_SGB40368
2025-11-20 08:02:21.295491 INFO::Fitting model to feature number 71, GGB28310_SGB40880
2025-11-20 08:02:21.301818 INFO::Fitting model to feature number 72, GGB28317_SGB40889
2025-11-20 08:02:21.310003 INFO::Fitting model to feature number 73, GGB28380_SGB40960
2025-11-20 08:02:21.318974 INFO::Fitting model to feature number 74, GGB28382_SGB40962
2025-11-20 08:02:21.32671 INFO::Fitting model to feature number 75, GGB28394_SGB40975
2025-11-20 08:02:21.336113 INFO::Fitting model to feature number 76, GGB28419_SGB41002
2025-11-20 08:02:21.345325 INFO::Fitting model to feature number 77, GGB28421_SGB41004
2025-11-20 08:02:21.354306 INFO::Fitting model to feature number 78, GGB28439_SGB41022
2025-11-20 08:02:21.363377 INFO::Fitting model to feature number 79, GGB28456_SGB41039
2025-11-20 08:02:21.369608 INFO::Fitting model to feature number 80, GGB28765_SGB41414
2025-11-20 08:02:21.377659 INFO::Fitting model to feature number 81, GGB28769_SGB41421
2025-11-20 08:02:21.383906 INFO::Fitting model to feature number 82, GGB28772_SGB41425
2025-11-20 08:02:21.390107 INFO::Fitting model to feature number 83, GGB28778_SGB41431
2025-11-20 08:02:21.396489 INFO::Fitting model to feature number 84, GGB28793_SGB41446
2025-11-20 08:02:21.402871 INFO::Fitting model to feature number 85, GGB28796_SGB41449
2025-11-20 08:02:21.409142 INFO::Fitting model to feature number 86, GGB28803_SGB41457
2025-11-20 08:02:21.415374 INFO::Fitting model to feature number 87, GGB28814_SGB41469
2025-11-20 08:02:21.421874 INFO::Fitting model to feature number 88, GGB28845_SGB41512
2025-11-20 08:02:21.428791 INFO::Fitting model to feature number 89, GGB28865_SGB41537
2025-11-20 08:02:21.435651 INFO::Fitting model to feature number 90, GGB28869_SGB41543
2025-11-20 08:02:21.443091 INFO::Fitting model to feature number 91, GGB28870_SGB41545
2025-11-20 08:02:21.45027 INFO::Fitting model to feature number 92, GGB28870_SGB41546
2025-11-20 08:02:21.458005 INFO::Fitting model to feature number 93, GGB28879_SGB43526
2025-11-20 08:02:21.465198 INFO::Fitting model to feature number 94, GGB28898_SGB41580
2025-11-20 08:02:21.47222 INFO::Fitting model to feature number 95, GGB28901_SGB41592
2025-11-20 08:02:21.479585 INFO::Fitting model to feature number 96, GGB28904_SGB41597
2025-11-20 08:02:21.487047 INFO::Fitting model to feature number 97, GGB28925_SGB41622
2025-11-20 08:02:21.494807 INFO::Fitting model to feature number 98, GGB28927_SGB41625
2025-11-20 08:02:21.502011 INFO::Fitting model to feature number 99, GGB28928_SGB41627
2025-11-20 08:02:21.510281 INFO::Fitting model to feature number 100, GGB28934_SGB41635
2025-11-20 08:02:21.518029 INFO::Fitting model to feature number 101, GGB28942_SGB41646
2025-11-20 08:02:21.525612 INFO::Fitting model to feature number 102, GGB28946_SGB41652
2025-11-20 08:02:21.533499 INFO::Fitting model to feature number 103, GGB28948_SGB41654
2025-11-20 08:02:21.542039 INFO::Fitting model to feature number 104, GGB28949_SGB41655
2025-11-20 08:02:21.570826 INFO::Fitting model to feature number 105, GGB28949_SGB41656
2025-11-20 08:02:21.579841 INFO::Fitting model to feature number 106, GGB28956_SGB41665
2025-11-20 08:02:21.589006 INFO::Fitting model to feature number 107, GGB28957_SGB41666
2025-11-20 08:02:21.596394 INFO::Fitting model to feature number 108, GGB28961_SGB41670
2025-11-20 08:02:21.603334 INFO::Fitting model to feature number 109, GGB28988_SGB41701
2025-11-20 08:02:21.611721 INFO::Fitting model to feature number 110, GGB28990_SGB41704
2025-11-20 08:02:21.623463 INFO::Fitting model to feature number 111, GGB29003_SGB41719
2025-11-20 08:02:21.631133 INFO::Fitting model to feature number 112, GGB29531_SGB42317
2025-11-20 08:02:21.637231 INFO::Fitting model to feature number 113, GGB30045_SGB42945
2025-11-20 08:02:21.643524 INFO::Fitting model to feature number 114, GGB30046_SGB42947
2025-11-20 08:02:21.649548 INFO::Fitting model to feature number 115, GGB30147_SGB43074
2025-11-20 08:02:21.655675 INFO::Fitting model to feature number 116, GGB30294_SGB43258
2025-11-20 08:02:21.662229 INFO::Fitting model to feature number 117, GGB30296_SGB43260
2025-11-20 08:02:21.668343 INFO::Fitting model to feature number 118, GGB30298_SGB43262
2025-11-20 08:02:21.674656 INFO::Fitting model to feature number 119, GGB30414_SGB43453
2025-11-20 08:02:21.680782 INFO::Fitting model to feature number 120, GGB30454_SGB43514
2025-11-20 08:02:21.688364 INFO::Fitting model to feature number 121, GGB30454_SGB43516
2025-11-20 08:02:21.699554 INFO::Fitting model to feature number 122, GGB30455_SGB43519
2025-11-20 08:02:21.706364 INFO::Fitting model to feature number 123, GGB30460_SGB43527
2025-11-20 08:02:21.712815 INFO::Fitting model to feature number 124, GGB30461_SGB102216
2025-11-20 08:02:21.718963 INFO::Fitting model to feature number 125, GGB30461_SGB43529
2025-11-20 08:02:21.725552 INFO::Fitting model to feature number 126, GGB30461_SGB63204
2025-11-20 08:02:21.731582 INFO::Fitting model to feature number 127, GGB30461_SGB63208
2025-11-20 08:02:21.738637 INFO::Fitting model to feature number 128, GGB30461_SGB63209
2025-11-20 08:02:21.744835 INFO::Fitting model to feature number 129, GGB30468_SGB43552
2025-11-20 08:02:21.750998 INFO::Fitting model to feature number 130, GGB30472_SGB43556
2025-11-20 08:02:21.757122 INFO::Fitting model to feature number 131, GGB30475_SGB63182
2025-11-20 08:02:21.763223 INFO::Fitting model to feature number 132, GGB30667_SGB43809
2025-11-20 08:02:21.769755 INFO::Fitting model to feature number 133, GGB30861_SGB44083
2025-11-20 08:02:21.776087 INFO::Fitting model to feature number 134, GGB31108_SGB44379
2025-11-20 08:02:21.782553 INFO::Fitting model to feature number 135, GGB3171_SGB4185
2025-11-20 08:02:21.78979 INFO::Fitting model to feature number 136, GGB32371_SGB41694
2025-11-20 08:02:21.796214 INFO::Fitting model to feature number 137, GGB42322_SGB59489
2025-11-20 08:02:21.802532 INFO::Fitting model to feature number 138, GGB42570_SGB59765
2025-11-20 08:02:21.808754 INFO::Fitting model to feature number 139, GGB42598_SGB59794
2025-11-20 08:02:21.815238 INFO::Fitting model to feature number 140, GGB42646_SGB59844
2025-11-20 08:02:21.821248 INFO::Fitting model to feature number 141, GGB45514_SGB63186
2025-11-20 08:02:21.829356 INFO::Fitting model to feature number 142, GGB45515_SGB63187
2025-11-20 08:02:21.838774 INFO::Fitting model to feature number 143, GGB45656_SGB63370
2025-11-20 08:02:21.847826 INFO::Fitting model to feature number 144, GGB46159_SGB63927
2025-11-20 08:02:21.854575 INFO::Fitting model to feature number 145, GGB46162_SGB63930
2025-11-20 08:02:21.861444 INFO::Fitting model to feature number 146, GGB70518_SGB94950
2025-11-20 08:02:21.868681 INFO::Fitting model to feature number 147, GGB70852_SGB95305
2025-11-20 08:02:21.87582 INFO::Fitting model to feature number 148, GGB73359_SGB46611
2025-11-20 08:02:21.883535 INFO::Fitting model to feature number 149, GGB74395_SGB43523
2025-11-20 08:02:21.889622 INFO::Fitting model to feature number 150, GGB74408_SGB43542
2025-11-20 08:02:21.895929 INFO::Fitting model to feature number 151, GGB75057_SGB102223
2025-11-20 08:02:21.902215 INFO::Fitting model to feature number 152, GGB75074_SGB102167
2025-11-20 08:02:21.9087 INFO::Fitting model to feature number 153, GGB75094_SGB102310
2025-11-20 08:02:21.915094 INFO::Fitting model to feature number 154, GGB75104_SGB102231
2025-11-20 08:02:21.923091 INFO::Fitting model to feature number 155, GGB75725_SGB102612
2025-11-20 08:02:21.929466 INFO::Fitting model to feature number 156, GGB75726_SGB102611
2025-11-20 08:02:21.936879 INFO::Fitting model to feature number 157, GGB75879_SGB103683
2025-11-20 08:02:21.94321 INFO::Fitting model to feature number 158, GGB79741_SGB1950
2025-11-20 08:02:21.949393 INFO::Fitting model to feature number 159, GGB80032_SGB42945
2025-11-20 08:02:21.955452 INFO::Fitting model to feature number 160, GGB9439_SGB42949
2025-11-20 08:02:21.961566 INFO::Fitting model to feature number 161, Hominisplanchenecus_murintestinalis
2025-11-20 08:02:21.96754 INFO::Fitting model to feature number 162, Lachnospiraceae_bacterium
2025-11-20 08:02:21.973271 INFO::Fitting model to feature number 163, Lachnospiraceae_bacterium_A2
2025-11-20 08:02:21.979489 INFO::Fitting model to feature number 164, Lachnospiraceae_bacterium_MD308
2025-11-20 08:02:21.985824 INFO::Fitting model to feature number 165, Lachnospiraceae_unclassified_SGB41405
2025-11-20 08:02:21.992326 INFO::Fitting model to feature number 166, Lachnospiraceae_unclassified_SGB7275
2025-11-20 08:02:21.998258 INFO::Fitting model to feature number 167, Lactobacillus_intestinalis
2025-11-20 08:02:22.004323 INFO::Fitting model to feature number 168, Lactobacillus_johnsonii
2025-11-20 08:02:22.011029 INFO::Fitting model to feature number 169, Lepagella_muris
2025-11-20 08:02:22.01742 INFO::Fitting model to feature number 170, Ligilactobacillus_murinus
2025-11-20 08:02:22.023586 INFO::Fitting model to feature number 171, Limosilactobacillus_reuteri
2025-11-20 08:02:22.030769 INFO::Fitting model to feature number 172, Muribaculaceae_bacterium
2025-11-20 08:02:22.037036 INFO::Fitting model to feature number 173, Muribaculum_gordoncarteri
2025-11-20 08:02:22.043696 INFO::Fitting model to feature number 174, Muribaculum_intestinale
2025-11-20 08:02:22.050375 INFO::Fitting model to feature number 175, Muricaecibacterium_torontonense
2025-11-20 08:02:22.056404 INFO::Fitting model to feature number 176, Neglectibacter_caecimuris
2025-11-20 08:02:22.063048 INFO::Fitting model to feature number 177, Neglectibacter_sp_X4
2025-11-20 08:02:22.069133 INFO::Fitting model to feature number 178, Oscillibacter_SGB43496
2025-11-20 08:02:22.075619 INFO::Fitting model to feature number 179, Oscillibacter_SGB43499
2025-11-20 08:02:22.082253 INFO::Fitting model to feature number 180, Oscillibacter_SGB43502
2025-11-20 08:02:22.089267 INFO::Fitting model to feature number 181, Oscillibacter_SGB94990
2025-11-20 08:02:22.096686 INFO::Fitting model to feature number 182, Oscillibacter_sp_CU971
2025-11-20 08:02:22.103495 INFO::Fitting model to feature number 183, Oscillospiraceae_bacterium
2025-11-20 08:02:22.111034 INFO::Fitting model to feature number 184, Oscillospiraceae_unclassified_SGB102175
2025-11-20 08:02:22.118788 INFO::Fitting model to feature number 185, Oscillospiraceae_unclassified_SGB43526
2025-11-20 08:02:22.127081 INFO::Fitting model to feature number 186, Parabacteroides_SGB1950
2025-11-20 08:02:22.133447 INFO::Fitting model to feature number 187, Parabacteroides_distasonis
2025-11-20 08:02:22.154269 INFO::Fitting model to feature number 188, Parabacteroides_goldsteinii
2025-11-20 08:02:22.160803 INFO::Fitting model to feature number 189, Paramuribaculum_intestinale
2025-11-20 08:02:22.167003 INFO::Fitting model to feature number 190, Parasutterella_muris
2025-11-20 08:02:22.172961 INFO::Fitting model to feature number 191, Parasutterella_sp_NM82_D38
2025-11-20 08:02:22.179368 INFO::Fitting model to feature number 192, Parvibacter_caecicola
2025-11-20 08:02:22.185482 INFO::Fitting model to feature number 193, Pseudoflavonifractor_sp_524_17
2025-11-20 08:02:22.191992 INFO::Fitting model to feature number 194, Pseudomonas_aeruginosa
2025-11-20 08:02:22.198101 INFO::Fitting model to feature number 195, Sangeribacter_muris
2025-11-20 08:02:22.204041 INFO::Fitting model to feature number 196, Schaedlerella_arabinosiphila
2025-11-20 08:02:22.210552 INFO::Fitting model to feature number 197, Thomasclavelia_cocleata
2025-11-20 08:02:22.216649 INFO::Fitting model to feature number 198, Turicibacter_sp_1E2
2025-11-20 08:02:22.222695 INFO::Fitting model to feature number 199, Turicimonas_muris
2025-11-20 08:02:22.229023 INFO::Fitting model to feature number 200, bacterium_1xD42_67
2025-11-20 08:02:22.271104 INFO::Counting total values for each feature
2025-11-20 08:02:22.285098 INFO::Re-running abundances for warn_prevalence
2025-11-20 08:02:22.285761 INFO::Running selected normalization method: TSS
2025-11-20 08:02:22.293612 INFO::Running selected transform method: LOG
2025-11-20 08:02:22.297232 DEBUG::Object: augment, Size: 56
2025-11-20 08:02:22.297605 DEBUG::Object: cluster, Size: 0
2025-11-20 08:02:22.297882 DEBUG::Object: cores, Size: 56
2025-11-20 08:02:22.298109 DEBUG::Object: correction, Size: 112
2025-11-20 08:02:22.298332 DEBUG::Object: extract_out, Size: 1976
2025-11-20 08:02:22.298564 DEBUG::Object: feature_specific_covariate, Size: 0
2025-11-20 08:02:22.298832 DEBUG::Object: feature_specific_covariate_name, Size: 0
2025-11-20 08:02:22.299042 DEBUG::Object: feature_specific_covariate_record, Size: 0
2025-11-20 08:02:22.29926 DEBUG::Object: features, Size: 113592
2025-11-20 08:02:22.299478 DEBUG::Object: formula, Size: 1568
2025-11-20 08:02:22.299731 DEBUG::Object: fun_list, Size: 58768
2025-11-20 08:02:22.300068 DEBUG::Object: func_to_run, Size: 435336
2025-11-20 08:02:22.300308 DEBUG::Object: groups, Size: 48
2025-11-20 08:02:22.300512 DEBUG::Object: median_comparison, Size: 56
2025-11-20 08:02:22.300703 DEBUG::Object: median_comparison_threshold, Size: 56
2025-11-20 08:02:22.30091 DEBUG::Object: metadata, Size: 14256
2025-11-20 08:02:22.301102 DEBUG::Object: model, Size: 112
2025-11-20 08:02:22.301299 DEBUG::Object: model_function, Size: 8864
2025-11-20 08:02:22.30149 DEBUG::Object: ordereds, Size: 48
2025-11-20 08:02:22.301697 DEBUG::Object: random_effects_formula, Size: 0
2025-11-20 08:02:22.301902 DEBUG::Object: ranef_function, Size: 0
2025-11-20 08:02:22.302099 DEBUG::Object: save_models, Size: 56
2025-11-20 08:02:22.30229 DEBUG::Object: small_random_effects, Size: 56
2025-11-20 08:02:22.302481 DEBUG::Object: strata, Size: 48
2025-11-20 08:02:22.30267 DEBUG::Object: subtract_median, Size: 56
2025-11-20 08:02:22.302875 DEBUG::Object: summary_function, Size: 49424
2025-11-20 08:02:22.303161 DEBUG::Object: func_to_run, Size: 435336
2025-11-20 08:02:22.303429 INFO::Fitting model to feature number 1, Acetatifactor_aquisgranensis
2025-11-20 08:02:22.305695 INFO::Fitting model to feature number 2, Acutalibacter_caecimuris
2025-11-20 08:02:22.307896 WARNING::Fitting problem for feature 2 returning NA
2025-11-20 08:02:22.309783 INFO::Fitting model to feature number 3, Acutalibacter_intestini
2025-11-20 08:02:22.313564 INFO::Fitting model to feature number 4, Acutalibacter_muris
2025-11-20 08:02:22.317533 INFO::Fitting model to feature number 5, Acutalibacter_sp_1XD8_33
2025-11-20 08:02:22.31992 INFO::Fitting model to feature number 6, Adlercreutzia_SGB42953
2025-11-20 08:02:22.322036 WARNING::Fitting problem for feature 6 returning NA
2025-11-20 08:02:22.323637 INFO::Fitting model to feature number 7, Adlercreutzia_aquisgranensis
2025-11-20 08:02:22.32882 INFO::Fitting model to feature number 8, Adlercreutzia_caecimuris
2025-11-20 08:02:22.333255 INFO::Fitting model to feature number 9, Adlercreutzia_mucosicola
2025-11-20 08:02:22.33769 INFO::Fitting model to feature number 10, Adlercreutzia_muris
2025-11-20 08:02:22.342499 INFO::Fitting model to feature number 11, Akkermansia_muciniphila
2025-11-20 08:02:22.346779 INFO::Fitting model to feature number 12, Alistipes_finegoldii
2025-11-20 08:02:22.349381 INFO::Fitting model to feature number 13, Alistipes_muris
2025-11-20 08:02:22.353937 INFO::Fitting model to feature number 14, Alistipes_timonensis
2025-11-20 08:02:22.359138 INFO::Fitting model to feature number 15, Anaerostipes_hominis
2025-11-20 08:02:22.361883 INFO::Fitting model to feature number 16, Anaerostipes_hominis_ex_Lee_et_al_2021
2025-11-20 08:02:22.364637 INFO::Fitting model to feature number 17, Atopobiaceae_bacterium_FL090493
2025-11-20 08:02:22.368007 INFO::Fitting model to feature number 18, Bacillota_unclassified_SGB43543
2025-11-20 08:02:22.371112 INFO::Fitting model to feature number 19, Bacillota_unclassified_SGB43546
2025-11-20 08:02:22.375356 INFO::Fitting model to feature number 20, Bacillota_unclassified_SGB43549
2025-11-20 08:02:22.379239 INFO::Fitting model to feature number 21, Bacillota_unclassified_SGB43550
2025-11-20 08:02:22.381629 INFO::Fitting model to feature number 22, Bacillota_unclassified_SGB63211
2025-11-20 08:02:22.385595 INFO::Fitting model to feature number 23, Bacteroidales_bacterium
2025-11-20 08:02:22.38944 INFO::Fitting model to feature number 24, Bacteroides_caecimuris
2025-11-20 08:02:22.392402 INFO::Fitting model to feature number 25, Bacteroides_intestinalis
2025-11-20 08:02:22.394691 INFO::Fitting model to feature number 26, Bifidobacterium_pseudolongum
2025-11-20 08:02:22.398556 INFO::Fitting model to feature number 27, Blautia_pseudococcoides
2025-11-20 08:02:22.400873 INFO::Fitting model to feature number 28, Caniella_muris
2025-11-20 08:02:22.404663 INFO::Fitting model to feature number 29, Clostridia_bacterium
2025-11-20 08:02:22.408762 INFO::Fitting model to feature number 30, Clostridiaceae_bacterium
2025-11-20 08:02:22.412565 INFO::Fitting model to feature number 31, Clostridiales_bacterium
2025-11-20 08:02:22.41657 INFO::Fitting model to feature number 32, Coriobacteriaceae_bacterium
2025-11-20 08:02:22.420407 INFO::Fitting model to feature number 33, Cutibacterium_acnes
2025-11-20 08:02:22.423289 INFO::Fitting model to feature number 34, Duncaniella_dubosii
2025-11-20 08:02:22.427862 INFO::Fitting model to feature number 35, Duncaniella_freteri
2025-11-20 08:02:22.431682 INFO::Fitting model to feature number 36, Duncaniella_muricolitica
2025-11-20 08:02:22.435735 INFO::Fitting model to feature number 37, Duncaniella_muris
2025-11-20 08:02:22.439922 INFO::Fitting model to feature number 38, Enterococcus_gallinarum
2025-11-20 08:02:22.442477 INFO::Fitting model to feature number 39, Escherichia_coli
2025-11-20 08:02:22.446403 INFO::Fitting model to feature number 40, Eubacteriaceae_bacterium
2025-11-20 08:02:22.450484 INFO::Fitting model to feature number 41, Faecalibaculum_rodentium
2025-11-20 08:02:22.454369 INFO::Fitting model to feature number 42, Flintibacter_SGB43538
2025-11-20 08:02:22.456306 WARNING::Fitting problem for feature 42 returning NA
2025-11-20 08:02:22.458108 INFO::Fitting model to feature number 43, GGB115370_SGB161393
2025-11-20 08:02:22.460189 WARNING::Fitting problem for feature 43 returning NA
2025-11-20 08:02:22.461668 INFO::Fitting model to feature number 44, GGB14001_SGB21428
2025-11-20 08:02:22.466146 INFO::Fitting model to feature number 45, GGB141797_SGB41693
2025-11-20 08:02:22.468414 INFO::Fitting model to feature number 46, GGB143828_SGB43507
2025-11-20 08:02:22.470326 WARNING::Fitting problem for feature 46 returning NA
2025-11-20 08:02:22.471808 INFO::Fitting model to feature number 47, GGB1503_SGB2082
2025-11-20 08:02:22.475883 INFO::Fitting model to feature number 48, GGB1690_SGB40190
2025-11-20 08:02:22.477857 WARNING::Fitting problem for feature 48 returning NA
2025-11-20 08:02:22.479348 INFO::Fitting model to feature number 49, GGB18828_SGB27767
2025-11-20 08:02:22.48333 INFO::Fitting model to feature number 50, GGB22635_SGB33556
2025-11-20 08:02:22.487319 INFO::Fitting model to feature number 51, GGB22635_SGB63107
2025-11-20 08:02:22.491473 INFO::Fitting model to feature number 52, GGB24132_SGB35935
2025-11-20 08:02:22.495518 INFO::Fitting model to feature number 53, GGB24146_SGB35950
2025-11-20 08:02:22.49947 INFO::Fitting model to feature number 54, GGB24148_SGB35952
2025-11-20 08:02:22.503321 INFO::Fitting model to feature number 55, GGB25041_SGB36960
2025-11-20 08:02:22.507208 INFO::Fitting model to feature number 56, GGB27478_SGB39772
2025-11-20 08:02:22.511493 INFO::Fitting model to feature number 57, GGB27480_SGB39776
2025-11-20 08:02:22.515777 INFO::Fitting model to feature number 58, GGB27482_SGB39778
2025-11-20 08:02:22.5206 INFO::Fitting model to feature number 59, GGB27770_SGB40184
2025-11-20 08:02:22.522563 WARNING::Fitting problem for feature 59 returning NA
2025-11-20 08:02:22.524097 INFO::Fitting model to feature number 60, GGB27849_SGB40283
2025-11-20 08:02:22.528362 INFO::Fitting model to feature number 61, GGB27860_SGB40294
2025-11-20 08:02:22.533292 INFO::Fitting model to feature number 62, GGB27861_SGB40295
2025-11-20 08:02:22.537451 INFO::Fitting model to feature number 63, GGB27866_SGB40300
2025-11-20 08:02:22.542278 INFO::Fitting model to feature number 64, GGB27873_SGB41457
2025-11-20 08:02:22.544676 INFO::Fitting model to feature number 65, GGB27876_SGB40310
2025-11-20 08:02:22.55024 INFO::Fitting model to feature number 66, GGB27884_SGB40318
2025-11-20 08:02:22.556243 INFO::Fitting model to feature number 67, GGB27885_SGB40319
2025-11-20 08:02:22.561018 INFO::Fitting model to feature number 68, GGB27894_SGB40329
2025-11-20 08:02:22.563428 INFO::Fitting model to feature number 69, GGB27919_SGB40357
2025-11-20 08:02:22.567761 INFO::Fitting model to feature number 70, GGB27929_SGB40368
2025-11-20 08:02:22.572346 INFO::Fitting model to feature number 71, GGB28310_SGB40880
2025-11-20 08:02:22.577116 INFO::Fitting model to feature number 72, GGB28317_SGB40889
2025-11-20 08:02:22.581704 INFO::Fitting model to feature number 73, GGB28380_SGB40960
2025-11-20 08:02:22.583954 WARNING::Fitting problem for feature 73 returning NA
2025-11-20 08:02:22.585857 INFO::Fitting model to feature number 74, GGB28382_SGB40962
2025-11-20 08:02:22.590522 INFO::Fitting model to feature number 75, GGB28394_SGB40975
2025-11-20 08:02:22.594378 INFO::Fitting model to feature number 76, GGB28419_SGB41002
2025-11-20 08:02:22.597948 INFO::Fitting model to feature number 77, GGB28421_SGB41004
2025-11-20 08:02:22.601762 INFO::Fitting model to feature number 78, GGB28439_SGB41022
2025-11-20 08:02:22.607094 INFO::Fitting model to feature number 79, GGB28456_SGB41039
2025-11-20 08:02:22.61083 INFO::Fitting model to feature number 80, GGB28765_SGB41414
2025-11-20 08:02:22.614288 INFO::Fitting model to feature number 81, GGB28769_SGB41421
2025-11-20 08:02:22.61863 INFO::Fitting model to feature number 82, GGB28772_SGB41425
2025-11-20 08:02:22.622667 INFO::Fitting model to feature number 83, GGB28778_SGB41431
2025-11-20 08:02:22.627265 INFO::Fitting model to feature number 84, GGB28793_SGB41446
2025-11-20 08:02:22.629606 INFO::Fitting model to feature number 85, GGB28796_SGB41449
2025-11-20 08:02:22.632234 INFO::Fitting model to feature number 86, GGB28803_SGB41457
2025-11-20 08:02:22.636191 INFO::Fitting model to feature number 87, GGB28814_SGB41469
2025-11-20 08:02:22.638826 INFO::Fitting model to feature number 88, GGB28845_SGB41512
2025-11-20 08:02:22.641506 WARNING::Fitting problem for feature 88 returning NA
2025-11-20 08:02:22.64324 INFO::Fitting model to feature number 89, GGB28865_SGB41537
2025-11-20 08:02:22.64575 INFO::Fitting model to feature number 90, GGB28869_SGB41543
2025-11-20 08:02:22.648355 INFO::Fitting model to feature number 91, GGB28870_SGB41545
2025-11-20 08:02:22.65106 INFO::Fitting model to feature number 92, GGB28870_SGB41546
2025-11-20 08:02:22.653526 INFO::Fitting model to feature number 93, GGB28879_SGB43526
2025-11-20 08:02:22.657979 INFO::Fitting model to feature number 94, GGB28898_SGB41580
2025-11-20 08:02:22.662558 INFO::Fitting model to feature number 95, GGB28901_SGB41592
2025-11-20 08:02:22.666834 INFO::Fitting model to feature number 96, GGB28904_SGB41597
2025-11-20 08:02:22.670902 INFO::Fitting model to feature number 97, GGB28925_SGB41622
2025-11-20 08:02:22.672945 WARNING::Fitting problem for feature 97 returning NA
2025-11-20 08:02:22.674828 INFO::Fitting model to feature number 98, GGB28927_SGB41625
2025-11-20 08:02:22.677835 INFO::Fitting model to feature number 99, GGB28928_SGB41627
2025-11-20 08:02:22.680237 INFO::Fitting model to feature number 100, GGB28934_SGB41635
2025-11-20 08:02:22.682659 INFO::Fitting model to feature number 101, GGB28942_SGB41646
2025-11-20 08:02:22.684995 INFO::Fitting model to feature number 102, GGB28946_SGB41652
2025-11-20 08:02:22.686994 WARNING::Fitting problem for feature 102 returning NA
2025-11-20 08:02:22.688833 INFO::Fitting model to feature number 103, GGB28948_SGB41654
2025-11-20 08:02:22.693084 INFO::Fitting model to feature number 104, GGB28949_SGB41655
2025-11-20 08:02:22.697154 INFO::Fitting model to feature number 105, GGB28949_SGB41656
2025-11-20 08:02:22.701551 INFO::Fitting model to feature number 106, GGB28956_SGB41665
2025-11-20 08:02:22.703945 INFO::Fitting model to feature number 107, GGB28957_SGB41666
2025-11-20 08:02:22.706527 INFO::Fitting model to feature number 108, GGB28961_SGB41670
2025-11-20 08:02:22.709397 INFO::Fitting model to feature number 109, GGB28988_SGB41701
2025-11-20 08:02:22.713444 INFO::Fitting model to feature number 110, GGB28990_SGB41704
2025-11-20 08:02:22.716045 INFO::Fitting model to feature number 111, GGB29003_SGB41719
2025-11-20 08:02:22.719036 INFO::Fitting model to feature number 112, GGB29531_SGB42317
2025-11-20 08:02:22.723276 INFO::Fitting model to feature number 113, GGB30045_SGB42945
2025-11-20 08:02:22.72846 INFO::Fitting model to feature number 114, GGB30046_SGB42947
2025-11-20 08:02:22.733469 INFO::Fitting model to feature number 115, GGB30147_SGB43074
2025-11-20 08:02:22.738096 INFO::Fitting model to feature number 116, GGB30294_SGB43258
2025-11-20 08:02:22.743598 INFO::Fitting model to feature number 117, GGB30296_SGB43260
2025-11-20 08:02:22.745991 WARNING::Fitting problem for feature 117 returning NA
2025-11-20 08:02:22.747894 INFO::Fitting model to feature number 118, GGB30298_SGB43262
2025-11-20 08:02:22.750552 WARNING::Fitting problem for feature 118 returning NA
2025-11-20 08:02:22.75239 INFO::Fitting model to feature number 119, GGB30414_SGB43453
2025-11-20 08:02:22.755031 INFO::Fitting model to feature number 120, GGB30454_SGB43514
2025-11-20 08:02:22.757274 WARNING::Fitting problem for feature 120 returning NA
2025-11-20 08:02:22.759684 INFO::Fitting model to feature number 121, GGB30454_SGB43516
2025-11-20 08:02:22.762098 WARNING::Fitting problem for feature 121 returning NA
2025-11-20 08:02:22.763863 INFO::Fitting model to feature number 122, GGB30455_SGB43519
2025-11-20 08:02:22.768666 INFO::Fitting model to feature number 123, GGB30460_SGB43527
2025-11-20 08:02:22.771233 WARNING::Fitting problem for feature 123 returning NA
2025-11-20 08:02:22.773012 INFO::Fitting model to feature number 124, GGB30461_SGB102216
2025-11-20 08:02:22.775683 WARNING::Fitting problem for feature 124 returning NA
2025-11-20 08:02:22.777506 INFO::Fitting model to feature number 125, GGB30461_SGB43529
2025-11-20 08:02:22.779786 WARNING::Fitting problem for feature 125 returning NA
2025-11-20 08:02:22.781501 INFO::Fitting model to feature number 126, GGB30461_SGB63204
2025-11-20 08:02:22.786336 INFO::Fitting model to feature number 127, GGB30461_SGB63208
2025-11-20 08:02:22.788904 WARNING::Fitting problem for feature 127 returning NA
2025-11-20 08:02:22.790939 INFO::Fitting model to feature number 128, GGB30461_SGB63209
2025-11-20 08:02:22.796019 INFO::Fitting model to feature number 129, GGB30468_SGB43552
2025-11-20 08:02:22.798517 WARNING::Fitting problem for feature 129 returning NA
2025-11-20 08:02:22.800574 INFO::Fitting model to feature number 130, GGB30472_SGB43556
2025-11-20 08:02:22.803403 INFO::Fitting model to feature number 131, GGB30475_SGB63182
2025-11-20 08:02:22.805771 WARNING::Fitting problem for feature 131 returning NA
2025-11-20 08:02:22.80788 INFO::Fitting model to feature number 132, GGB30667_SGB43809
2025-11-20 08:02:22.810674 WARNING::Fitting problem for feature 132 returning NA
2025-11-20 08:02:22.812647 INFO::Fitting model to feature number 133, GGB30861_SGB44083
2025-11-20 08:02:22.818736 INFO::Fitting model to feature number 134, GGB31108_SGB44379
2025-11-20 08:02:22.821311 WARNING::Fitting problem for feature 134 returning NA
2025-11-20 08:02:22.823271 INFO::Fitting model to feature number 135, GGB3171_SGB4185
2025-11-20 08:02:22.829917 INFO::Fitting model to feature number 136, GGB32371_SGB41694
2025-11-20 08:02:22.832672 WARNING::Fitting problem for feature 136 returning NA
2025-11-20 08:02:22.8351 INFO::Fitting model to feature number 137, GGB42322_SGB59489
2025-11-20 08:02:22.839552 INFO::Fitting model to feature number 138, GGB42570_SGB59765
2025-11-20 08:02:22.8457 INFO::Fitting model to feature number 139, GGB42598_SGB59794
2025-11-20 08:02:22.865487 INFO::Fitting model to feature number 140, GGB42646_SGB59844
2025-11-20 08:02:22.868167 WARNING::Fitting problem for feature 140 returning NA
2025-11-20 08:02:22.870997 INFO::Fitting model to feature number 141, GGB45514_SGB63186
2025-11-20 08:02:22.876582 INFO::Fitting model to feature number 142, GGB45515_SGB63187
2025-11-20 08:02:22.879776 WARNING::Fitting problem for feature 142 returning NA
2025-11-20 08:02:22.882471 INFO::Fitting model to feature number 143, GGB45656_SGB63370
2025-11-20 08:02:22.885394 INFO::Fitting model to feature number 144, GGB46159_SGB63927
2025-11-20 08:02:22.890768 INFO::Fitting model to feature number 145, GGB46162_SGB63930
2025-11-20 08:02:22.896705 INFO::Fitting model to feature number 146, GGB70518_SGB94950
2025-11-20 08:02:22.899295 WARNING::Fitting problem for feature 146 returning NA
2025-11-20 08:02:22.901213 INFO::Fitting model to feature number 147, GGB70852_SGB95305
2025-11-20 08:02:22.906723 INFO::Fitting model to feature number 148, GGB73359_SGB46611
2025-11-20 08:02:22.921596 WARNING::Fitting problem for feature 148 returning NA
2025-11-20 08:02:22.923486 INFO::Fitting model to feature number 149, GGB74395_SGB43523
2025-11-20 08:02:22.984602 WARNING::Fitting problem for feature 149 returning NA
2025-11-20 08:02:22.987425 INFO::Fitting model to feature number 150, GGB74408_SGB43542
2025-11-20 08:02:22.990587 INFO::Fitting model to feature number 151, GGB75057_SGB102223
2025-11-20 08:02:22.993839 WARNING::Fitting problem for feature 151 returning NA
2025-11-20 08:02:22.995806 INFO::Fitting model to feature number 152, GGB75074_SGB102167
2025-11-20 08:02:22.99831 WARNING::Fitting problem for feature 152 returning NA
2025-11-20 08:02:23.000311 INFO::Fitting model to feature number 153, GGB75094_SGB102310
2025-11-20 08:02:23.004187 INFO::Fitting model to feature number 154, GGB75104_SGB102231
2025-11-20 08:02:23.014356 INFO::Fitting model to feature number 155, GGB75725_SGB102612
2025-11-20 08:02:23.055434 INFO::Fitting model to feature number 156, GGB75726_SGB102611
2025-11-20 08:02:23.077712 INFO::Fitting model to feature number 157, GGB75879_SGB103683
2025-11-20 08:02:23.083476 INFO::Fitting model to feature number 158, GGB79741_SGB1950
2025-11-20 08:02:23.086836 INFO::Fitting model to feature number 159, GGB80032_SGB42945
2025-11-20 08:02:23.131885 INFO::Fitting model to feature number 160, GGB9439_SGB42949
2025-11-20 08:02:23.232087 INFO::Fitting model to feature number 161, Hominisplanchenecus_murintestinalis
2025-11-20 08:02:23.2984 INFO::Fitting model to feature number 162, Lachnospiraceae_bacterium
2025-11-20 08:02:23.345414 INFO::Fitting model to feature number 163, Lachnospiraceae_bacterium_A2
2025-11-20 08:02:23.369087 INFO::Fitting model to feature number 164, Lachnospiraceae_bacterium_MD308
2025-11-20 08:02:23.379386 INFO::Fitting model to feature number 165, Lachnospiraceae_unclassified_SGB41405
2025-11-20 08:02:23.413753 INFO::Fitting model to feature number 166, Lachnospiraceae_unclassified_SGB7275
2025-11-20 08:02:23.422283 INFO::Fitting model to feature number 167, Lactobacillus_intestinalis
2025-11-20 08:02:23.430941 INFO::Fitting model to feature number 168, Lactobacillus_johnsonii
2025-11-20 08:02:23.448182 INFO::Fitting model to feature number 169, Lepagella_muris
2025-11-20 08:02:23.473238 INFO::Fitting model to feature number 170, Ligilactobacillus_murinus
2025-11-20 08:02:23.550496 INFO::Fitting model to feature number 171, Limosilactobacillus_reuteri
2025-11-20 08:02:23.562133 INFO::Fitting model to feature number 172, Muribaculaceae_bacterium
2025-11-20 08:02:23.57166 INFO::Fitting model to feature number 173, Muribaculum_gordoncarteri
2025-11-20 08:02:23.579834 INFO::Fitting model to feature number 174, Muribaculum_intestinale
2025-11-20 08:02:23.588489 INFO::Fitting model to feature number 175, Muricaecibacterium_torontonense
2025-11-20 08:02:23.595418 INFO::Fitting model to feature number 176, Neglectibacter_caecimuris
2025-11-20 08:02:23.600484 INFO::Fitting model to feature number 177, Neglectibacter_sp_X4
2025-11-20 08:02:23.605219 INFO::Fitting model to feature number 178, Oscillibacter_SGB43496
2025-11-20 08:02:23.608258 INFO::Fitting model to feature number 179, Oscillibacter_SGB43499
2025-11-20 08:02:23.610819 WARNING::Fitting problem for feature 179 returning NA
2025-11-20 08:02:23.612728 INFO::Fitting model to feature number 180, Oscillibacter_SGB43502
2025-11-20 08:02:23.615419 WARNING::Fitting problem for feature 180 returning NA
2025-11-20 08:02:23.617461 INFO::Fitting model to feature number 181, Oscillibacter_SGB94990
2025-11-20 08:02:23.620365 WARNING::Fitting problem for feature 181 returning NA
2025-11-20 08:02:23.622237 INFO::Fitting model to feature number 182, Oscillibacter_sp_CU971
2025-11-20 08:02:23.628088 INFO::Fitting model to feature number 183, Oscillospiraceae_bacterium
2025-11-20 08:02:23.631109 WARNING::Fitting problem for feature 183 returning NA
2025-11-20 08:02:23.690637 INFO::Fitting model to feature number 184, Oscillospiraceae_unclassified_SGB102175
2025-11-20 08:02:23.713026 INFO::Fitting model to feature number 185, Oscillospiraceae_unclassified_SGB43526
2025-11-20 08:02:23.72195 WARNING::Fitting problem for feature 185 returning NA
2025-11-20 08:02:23.729619 INFO::Fitting model to feature number 186, Parabacteroides_SGB1950
2025-11-20 08:02:23.747863 INFO::Fitting model to feature number 187, Parabacteroides_distasonis
2025-11-20 08:02:23.758247 INFO::Fitting model to feature number 188, Parabacteroides_goldsteinii
2025-11-20 08:02:23.768847 INFO::Fitting model to feature number 189, Paramuribaculum_intestinale
2025-11-20 08:02:23.777546 INFO::Fitting model to feature number 190, Parasutterella_muris
2025-11-20 08:02:23.80089 INFO::Fitting model to feature number 191, Parasutterella_sp_NM82_D38
2025-11-20 08:02:23.804453 INFO::Fitting model to feature number 192, Parvibacter_caecicola
2025-11-20 08:02:23.808455 INFO::Fitting model to feature number 193, Pseudoflavonifractor_sp_524_17
2025-11-20 08:02:23.811249 INFO::Fitting model to feature number 194, Pseudomonas_aeruginosa
2025-11-20 08:02:23.814029 INFO::Fitting model to feature number 195, Sangeribacter_muris
2025-11-20 08:02:23.818367 INFO::Fitting model to feature number 196, Schaedlerella_arabinosiphila
2025-11-20 08:02:23.822305 INFO::Fitting model to feature number 197, Thomasclavelia_cocleata
2025-11-20 08:02:23.826446 INFO::Fitting model to feature number 198, Turicibacter_sp_1E2
2025-11-20 08:02:23.830568 INFO::Fitting model to feature number 199, Turicimonas_muris
2025-11-20 08:02:23.834631 INFO::Fitting model to feature number 200, bacterium_1xD42_67
2025-11-20 08:02:24.009695 WARNING::Deleting existing model objects file: /home/julianne/Documents/slc_si_paper/results/SMT_Maaslin3/Full//Sequencing_Depth_Site_Sex_Genotype/fits/models_linear.rds
2025-11-20 08:02:24.025975 INFO::Writing model objects to file /home/julianne/Documents/slc_si_paper/results/SMT_Maaslin3/Full//Sequencing_Depth_Site_Sex_Genotype/fits/models_linear.rds
2025-11-20 08:02:24.250325 WARNING::Deleting existing residuals file: /home/julianne/Documents/slc_si_paper/results/SMT_Maaslin3/Full//Sequencing_Depth_Site_Sex_Genotype/fits/residuals_linear.rds
2025-11-20 08:02:24.261527 INFO::Writing residuals to file /home/julianne/Documents/slc_si_paper/results/SMT_Maaslin3/Full//Sequencing_Depth_Site_Sex_Genotype/fits/residuals_linear.rds
2025-11-20 08:02:24.263953 WARNING::Deleting existing fitted file: /home/julianne/Documents/slc_si_paper/results/SMT_Maaslin3/Full//Sequencing_Depth_Site_Sex_Genotype/fits/fitted_linear.rds
2025-11-20 08:02:24.264945 INFO::Writing fitted values to file /home/julianne/Documents/slc_si_paper/results/SMT_Maaslin3/Full//Sequencing_Depth_Site_Sex_Genotype/fits/fitted_linear.rds
2025-11-20 08:02:24.26713 WARNING::Deleting existing model objects file: /home/julianne/Documents/slc_si_paper/results/SMT_Maaslin3/Full//Sequencing_Depth_Site_Sex_Genotype/fits/models_logistic.rds
2025-11-20 08:02:24.278987 INFO::Writing model objects to file /home/julianne/Documents/slc_si_paper/results/SMT_Maaslin3/Full//Sequencing_Depth_Site_Sex_Genotype/fits/models_logistic.rds
2025-11-20 08:02:28.449517 WARNING::Deleting existing residuals file: /home/julianne/Documents/slc_si_paper/results/SMT_Maaslin3/Full//Sequencing_Depth_Site_Sex_Genotype/fits/residuals_logistic.rds
2025-11-20 08:02:28.452061 INFO::Writing residuals to file /home/julianne/Documents/slc_si_paper/results/SMT_Maaslin3/Full//Sequencing_Depth_Site_Sex_Genotype/fits/residuals_logistic.rds
2025-11-20 08:02:28.462254 WARNING::Deleting existing fitted file: /home/julianne/Documents/slc_si_paper/results/SMT_Maaslin3/Full//Sequencing_Depth_Site_Sex_Genotype/fits/fitted_logistic.rds
2025-11-20 08:02:28.463589 INFO::Writing fitted values to file /home/julianne/Documents/slc_si_paper/results/SMT_Maaslin3/Full//Sequencing_Depth_Site_Sex_Genotype/fits/fitted_logistic.rds
2025-11-20 08:02:28.476882 INFO::Writing all the results to file (ordered 
            by increasing individual q-values): /home/julianne/Documents/slc_si_paper/results/SMT_Maaslin3/Full//Sequencing_Depth_Site_Sex_Genotype/all_results.tsv
2025-11-20 08:02:28.489864 INFO::Writing the significant results without errors (those which have joint q-values less than or equal to the threshold of 0.250000 ) to file (ordered by increasing individual q-values): /home/julianne/Documents/slc_si_paper/results/SMT_Maaslin3/Full//Sequencing_Depth_Site_Sex_Genotype/significant_results.tsv
2025-11-20 08:02:28.494689 INFO::Writing summary plot of significant
                        results to file: /home/julianne/Documents/slc_si_paper/results/SMT_Maaslin3/Full//Sequencing_Depth_Site_Sex_Genotype/figures/summary_plot.pdf
2025-11-20 08:02:31.423549 INFO::Writing association plots (one for each significant association) to output folder: /home/julianne/Documents/slc_si_paper/results/SMT_Maaslin3/Full//Sequencing_Depth_Site_Sex_Genotype/figures
2025-11-20 08:02:31.426226 INFO::Plotting associations from most to least significant, grouped by metadata
2025-11-20 08:02:31.430995 INFO::Creating box plot for categorical data (linear), 
                        Sex vs GGB22635_SGB63107
2025-11-20 08:02:31.457397 INFO::Creating box plot for categorical data (linear), 
                        Sex vs GGB46159_SGB63927
2025-11-20 08:02:31.476043 INFO::Creating tile plot for categorical data (logistic), Sex vs GGB22635_SGB63107
2025-11-20 08:02:31.505088 INFO::Creating tile plot for categorical data (logistic), Sex vs GGB27876_SGB40310
2025-11-20 08:02:31.536029 INFO::Creating box plot for categorical data (linear), 
                        Genotype vs GGB14001_SGB21428
2025-11-20 08:02:31.557345 INFO::Creating box plot for categorical data (linear), 
                        Sex vs GGB30045_SGB42945
2025-11-20 08:02:31.576625 INFO::Creating box plot for categorical data (linear), 
                        Genotype vs Caniella_muris
2025-11-20 08:02:31.594639 INFO::Creating box plot for categorical data (linear), 
                        Sex vs GGB30046_SGB42947
2025-11-20 08:02:31.614614 INFO::Creating box plot for categorical data (linear), 
                        Sex vs GGB70852_SGB95305
2025-11-20 08:02:31.639584 INFO::Creating boxplot for continuous data (logistic), Sequencing_Depth vs Acutalibacter_muris
2025-11-20 08:02:31.680931 INFO::Creating tile plot for categorical data (logistic), Sex vs Adlercreutzia_caecimuris
2025-11-20 08:02:31.724226 INFO::Creating tile plot for categorical data (logistic), Sex vs Bacteroidales_bacterium
2025-11-20 08:02:31.768971 INFO::Creating tile plot for categorical data (logistic), Genotype vs GGB1503_SGB2082
2025-11-20 08:02:31.803234 INFO::Creating tile plot for categorical data (logistic), Sex vs GGB24132_SGB35935
2025-11-20 08:02:31.837773 INFO::Creating tile plot for categorical data (logistic), Sex vs GGB24146_SGB35950
2025-11-20 08:02:31.874583 INFO::Creating tile plot for categorical data (logistic), Sex vs GGB27884_SGB40318
2025-11-20 08:02:31.911759 INFO::Creating tile plot for categorical data (logistic), Genotype vs GGB27919_SGB40357
2025-11-20 08:02:31.953292 INFO::Creating tile plot for categorical data (logistic), Sex vs GGB75725_SGB102612
2025-11-20 08:02:31.983705 INFO::Creating tile plot for categorical data (logistic), Genotype vs GGB75879_SGB103683
2025-11-20 08:02:32.011802 INFO::Creating tile plot for categorical data (logistic), Sex vs Lactobacillus_intestinalis
