2025-11-20 08:02:59.199983 INFO::Writing function arguments to log file
2025-11-20 08:02:59.200605 DEBUG::Function arguments
2025-11-20 08:02:59.200938 DEBUG::Output folder: /home/julianne/Documents/slc_si_paper/results/SMT_Maaslin3/Full//Site_Sex_Genotype
2025-11-20 08:02:59.201175 DEBUG::Formula:
2025-11-20 08:02:59.201493 DEBUG::Fixed effects: Site,Sex,Genotype
2025-11-20 08:02:59.201758 DEBUG::Reference:
2025-11-20 08:02:59.202061 DEBUG::Random effects:
2025-11-20 08:02:59.202322 DEBUG::Group effects:
2025-11-20 08:02:59.202577 DEBUG::Ordered effects:
2025-11-20 08:02:59.202881 DEBUG::Strata effects:
2025-11-20 08:02:59.203218 DEBUG::Min Abundance: 0.000000
2025-11-20 08:02:59.203498 DEBUG::Min Prevalence: 0.000000
2025-11-20 08:02:59.203837 DEBUG::Max Prevalence: 1.000000
2025-11-20 08:02:59.20417 DEBUG::Zero Threshold: 0.000000
2025-11-20 08:02:59.204505 DEBUG::Min variance: 0.000000
2025-11-20 08:02:59.204858 DEBUG::Max significance: 0.250000
2025-11-20 08:02:59.20513 DEBUG::Normalization: TSS
2025-11-20 08:02:59.205521 DEBUG::Transform: LOG
2025-11-20 08:02:59.205893 DEBUG::Correction method: BH
2025-11-20 08:02:59.206269 DEBUG::Standardize: TRUE
2025-11-20 08:02:59.206616 DEBUG::Abundance median comparison: TRUE
2025-11-20 08:02:59.206999 DEBUG::Prevalence median comparison: FALSE
2025-11-20 08:02:59.207371 DEBUG::Abundance median comparison threshold: 0
2025-11-20 08:02:59.207741 DEBUG::Prevalence median comparison threshold: 0
2025-11-20 08:02:59.208151 DEBUG::Subtract median: FALSE
2025-11-20 08:02:59.208531 DEBUG::Warn prevalence: TRUE
2025-11-20 08:02:59.208892 DEBUG::Small random effects: FALSE
2025-11-20 08:02:59.209254 DEBUG::Augment: TRUE
2025-11-20 08:02:59.209609 DEBUG::Evaluate only:
2025-11-20 08:02:59.210005 DEBUG::Cores: 1
2025-11-20 08:02:59.210366 DEBUG::Balanced Summary plot: FALSE
2025-11-20 08:02:59.210753 INFO::Verifying options selected are valid
2025-11-20 08:02:59.2117 INFO::Determining format of input files
2025-11-20 08:02:59.212506 INFO::Input format is data samples as columns and metadata samples as rows
2025-11-20 08:02:59.215368 DEBUG::Transformed data so samples are rows
2025-11-20 08:02:59.216086 DEBUG::A total of 50 samples were found in both the data and metadata
2025-11-20 08:02:59.216566 DEBUG::Reordering data/metadata to use same sample ordering
2025-11-20 08:02:59.220479 INFO::Formula for fixed effects: expr ~  Site + Sex + Genotype
2025-11-20 08:02:59.221575 INFO::Running selected normalization method: TSS
2025-11-20 08:02:59.231869 INFO::Writing normalized data to file /home/julianne/Documents/slc_si_paper/results/SMT_Maaslin3/Full//Site_Sex_Genotype/features/data_norm.tsv
2025-11-20 08:02:59.240248 INFO::Filter data based on min abundance, min prevalence, and max prevalence
2025-11-20 08:02:59.240957 INFO::Total samples in data: 50
2025-11-20 08:02:59.241449 INFO::Min samples required with min abundance for a feature not to be filtered: 0.000000
2025-11-20 08:02:59.241943 INFO::Max samples allowed with min abundance for a feature not to be filtered: 50.000000
2025-11-20 08:02:59.288303 INFO::Total filtered features: 123
2025-11-20 08:02:59.289047 INFO::Filtered feature names from abundance, min prevalence, and max prevalence filtering: Anaerotruncus_sp_1XD42_93, Bacteria_unclassified_SGB41508, Bacteria_unclassified_SGB43539, Bacteria_unclassified_SGB43541, Bacteria_unclassified_SGB44461, Bacteroides_acidifaciens, Bacteroides_uniformis, Enterococcus_faecalis, GGB15004_SGB41589, GGB23844_SGB35575, GGB27476_SGB39769, GGB27476_SGB43516, GGB27485_SGB39778, GGB27485_SGB41588, GGB27697_SGB40070, GGB28250_SGB40793, GGB28386_SGB40966, GGB28387_SGB40967, GGB28388_SGB40968, GGB28393_SGB40973, GGB28395_SGB40976, GGB28402_SGB40984, GGB28403_SGB40190, GGB28409_SGB40991, GGB28416_SGB40998, GGB28418_SGB41001, GGB28422_SGB41005, GGB28428_SGB41011, GGB28433_SGB41016, GGB28437_SGB41020, GGB28784_SGB41437, GGB28791_SGB41444, GGB28828_SGB41484, GGB28831_SGB41487, GGB28839_SGB41503, GGB28840_SGB102297, GGB28842_SGB41507, GGB28846_SGB41513, GGB28851_SGB41518, GGB28854_SGB41523, GGB28870_SGB41548, GGB28875_SGB41555, GGB28879_SGB41559, GGB28881_SGB41561, GGB28888_SGB41569, GGB28926_SGB41623, GGB28951_SGB102295, GGB28958_SGB41667, GGB28959_SGB41668, GGB28963_SGB41672, GGB28980_SGB41692, GGB28981_SGB41693, GGB28989_SGB41703, GGB29001_SGB41717, GGB29004_SGB41721, GGB29005_SGB41723, GGB30141_SGB43066, GGB30142_SGB43067, GGB30290_SGB43252, GGB30301_SGB43265, GGB30302_SGB43266, GGB30302_SGB43267, GGB30303_SGB43268, GGB30451_SGB102185, GGB30454_SGB100837, GGB30457_SGB63218, GGB30463_SGB102197, GGB30463_SGB43537, GGB30620_SGB43754, GGB31064_SGB44328, GGB31109_SGB44380, GGB31111_SGB44382, GGB31179_SGB44472, GGB31312_SGB44628, GGB31701_SGB45057, GGB31793_SGB45163, GGB31822_SGB45198, GGB3583_SGB21441, GGB3661_SGB41629, GGB42321_SGB59488, GGB42327_SGB59494, GGB42342_SGB59510, GGB42343_SGB59511, GGB42344_SGB59512, GGB42601_SGB59797, GGB42608_SGB59804, GGB45293_SGB41002, GGB45513_SGB63185, GGB45536_SGB63216, GGB45977_SGB41021, GGB5207_SGB43496, GGB62427_SGB41546, GGB75053_SGB43494, GGB75055_SGB43513, GGB75064_SGB102200, GGB75064_SGB43546, GGB75085_SGB102286, GGB75314_SGB102498, GGB75896_SGB102365, GGB79592_SGB45219, GGB79594_SGB41414, GGB79628_SGB35895, GGB79729_SGB45197, GGB79760_SGB63182, GGB79844_SGB41536, GGB79848_SGB41595, GGB79854_SGB41662, GGB79989_SGB41645, Halomonas_SGB40985, Lachnospiraceae_bacterium_MD335, Lachnospiraceae_unclassified_SGB41424, Lactobacillus_SGB5158, Lactococcus_SGB40208, Limosilactobacillus_SGB43493, Muribaculaceae_bacterium_Isolate_013_NCI, Oscillibacter_SGB43505, Piscinibacter_SGB44477, bacterium_0_1xD8_82, bacterium_1XD42_76, bacterium_1xD8_48, bacterium_D16_29, bacterium_D16_63, bacterium_D16_76
2025-11-20 08:02:59.292618 INFO::Total features filtered by non-zero variance filtering: 66
2025-11-20 08:02:59.293236 INFO::Filtered feature names from variance filtering: Acinetobacter_courvalinii, Bacillota_unclassified_SGB102205, Bacteria_unclassified_SGB63107, Bacteroides_SGB40318, Bacteroides_thetaiotaomicron, Barnesiella_sp_CU968, Candidatus_Metalachnospira_SGB63370, Clostridium_SGB40327, Clostridium_SGB65123, Clostridium_cocleatum, Dorea_sp_5_2, Eggerthellaceae_bacterium, Enterorhabdus_sp_P55, Erysipelotrichales_bacterium, GGB115278_SGB160297, GGB128437_SGB159705, GGB140903_SGB63218, GGB143833_SGB43513, GGB24149_SGB35953, GGB27481_SGB39777, GGB27872_SGB40306, GGB28330_SGB40904, GGB28849_SGB41516, GGB28865_SGB41536, GGB28887_SGB41568, GGB28903_SGB41594, GGB28908_SGB41656, GGB28933_SGB59816, GGB28945_SGB41650, GGB28954_SGB41661, GGB28954_SGB41662, GGB28967_SGB41417, GGB28967_SGB41678, GGB28968_SGB41679, GGB28981_SGB41694, GGB29546_SGB42339, GGB29559_SGB42355, GGB30048_SGB42949, GGB30408_SGB43438, GGB30409_SGB43439, GGB30450_SGB43507, GGB30450_SGB43508, GGB30466_SGB63211, GGB30621_SGB43756, GGB31184_SGB44478, GGB31823_SGB45199, GGB31841_SGB45219, GGB45506_SGB63178, GGB45650_SGB63364, GGB75060_SGB102173, GGB75072_SGB102164, GGB75112_SGB102247, GGB79698_SGB41545, GGB79804_SGB41650, GGB79948_SGB41679, GGB80168_SGB43527, Hungateiclostridiaceae_bacterium_KB18, Lachnospiraceae_bacterium_A4, Lachnospiraceae_unclassified_SGB41402, Muribaculaceae_bacterium_Isolate_110_HZI, Oscillibacter_SGB102176, Oscillibacter_sp_1_3, Prevotella_sp_MGM1, Turicibacter_sp_TS3, bacterium_1XD21_13, bacterium_1XD42_54
2025-11-20 08:02:59.293748 INFO::Writing filtered data to file /home/julianne/Documents/slc_si_paper/results/SMT_Maaslin3/Full//Site_Sex_Genotype/features/filtered_data.tsv
2025-11-20 08:02:59.298549 INFO::Running selected transform method: LOG
2025-11-20 08:02:59.300931 INFO::Writing normalized, filtered, transformed data to file /home/julianne/Documents/slc_si_paper/results/SMT_Maaslin3/Full//Site_Sex_Genotype/features/data_transformed.tsv
2025-11-20 08:02:59.306393 INFO::Factor detected for categorial metadata 'Genotype'. Using as-is.
2025-11-20 08:02:59.306987 INFO::Applying z-score to standardize continuous metadata
2025-11-20 08:02:59.313238 INFO::Running the linear model component
2025-11-20 08:02:59.315489 DEBUG::Object: augment, Size: 56
2025-11-20 08:02:59.315835 DEBUG::Object: cluster, Size: 0
2025-11-20 08:02:59.316093 DEBUG::Object: cores, Size: 56
2025-11-20 08:02:59.31635 DEBUG::Object: correction, Size: 112
2025-11-20 08:02:59.316581 DEBUG::Object: extract_out, Size: 1696
2025-11-20 08:02:59.316797 DEBUG::Object: feature_specific_covariate, Size: 0
2025-11-20 08:02:59.317017 DEBUG::Object: feature_specific_covariate_name, Size: 0
2025-11-20 08:02:59.317224 DEBUG::Object: feature_specific_covariate_record, Size: 0
2025-11-20 08:02:59.317454 DEBUG::Object: features, Size: 113592
2025-11-20 08:02:59.317661 DEBUG::Object: formula, Size: 1288
2025-11-20 08:02:59.317922 DEBUG::Object: fun_list, Size: 58768
2025-11-20 08:02:59.318233 DEBUG::Object: func_to_run, Size: 435336
2025-11-20 08:02:59.318443 DEBUG::Object: groups, Size: 48
2025-11-20 08:02:59.318647 DEBUG::Object: median_comparison, Size: 56
2025-11-20 08:02:59.31885 DEBUG::Object: median_comparison_threshold, Size: 56
2025-11-20 08:02:59.319062 DEBUG::Object: metadata, Size: 14256
2025-11-20 08:02:59.319265 DEBUG::Object: model, Size: 112
2025-11-20 08:02:59.31947 DEBUG::Object: model_function, Size: 8864
2025-11-20 08:02:59.31969 DEBUG::Object: ordereds, Size: 48
2025-11-20 08:02:59.319979 DEBUG::Object: random_effects_formula, Size: 0
2025-11-20 08:02:59.320361 DEBUG::Object: ranef_function, Size: 0
2025-11-20 08:02:59.32072 DEBUG::Object: save_models, Size: 56
2025-11-20 08:02:59.320978 DEBUG::Object: small_random_effects, Size: 56
2025-11-20 08:02:59.321196 DEBUG::Object: strata, Size: 48
2025-11-20 08:02:59.321408 DEBUG::Object: subtract_median, Size: 56
2025-11-20 08:02:59.321634 DEBUG::Object: summary_function, Size: 49424
2025-11-20 08:02:59.321994 DEBUG::Object: func_to_run, Size: 435336
2025-11-20 08:02:59.3223 INFO::Fitting model to feature number 1, Acetatifactor_aquisgranensis
2025-11-20 08:02:59.32584 INFO::Fitting model to feature number 2, Acutalibacter_caecimuris
2025-11-20 08:02:59.328291 WARNING::Fitting problem for feature 2 returning NA
2025-11-20 08:02:59.330017 INFO::Fitting model to feature number 3, Acutalibacter_intestini
2025-11-20 08:02:59.381171 INFO::Fitting model to feature number 4, Acutalibacter_muris
2025-11-20 08:02:59.388766 INFO::Fitting model to feature number 5, Acutalibacter_sp_1XD8_33
2025-11-20 08:02:59.391326 INFO::Fitting model to feature number 6, Adlercreutzia_SGB42953
2025-11-20 08:02:59.393251 WARNING::Fitting problem for feature 6 returning NA
2025-11-20 08:02:59.395003 INFO::Fitting model to feature number 7, Adlercreutzia_aquisgranensis
2025-11-20 08:02:59.398848 INFO::Fitting model to feature number 8, Adlercreutzia_caecimuris
2025-11-20 08:02:59.402531 INFO::Fitting model to feature number 9, Adlercreutzia_mucosicola
2025-11-20 08:02:59.406691 INFO::Fitting model to feature number 10, Adlercreutzia_muris
2025-11-20 08:02:59.410429 INFO::Fitting model to feature number 11, Akkermansia_muciniphila
2025-11-20 08:02:59.414388 INFO::Fitting model to feature number 12, Alistipes_finegoldii
2025-11-20 08:02:59.416594 INFO::Fitting model to feature number 13, Alistipes_muris
2025-11-20 08:02:59.42038 INFO::Fitting model to feature number 14, Alistipes_timonensis
2025-11-20 08:02:59.424319 INFO::Fitting model to feature number 15, Anaerostipes_hominis
2025-11-20 08:02:59.426527 INFO::Fitting model to feature number 16, Anaerostipes_hominis_ex_Lee_et_al_2021
2025-11-20 08:02:59.428969 INFO::Fitting model to feature number 17, Atopobiaceae_bacterium_FL090493
2025-11-20 08:02:59.431184 INFO::Fitting model to feature number 18, Bacillota_unclassified_SGB43543
2025-11-20 08:02:59.433284 INFO::Fitting model to feature number 19, Bacillota_unclassified_SGB43546
2025-11-20 08:02:59.437469 INFO::Fitting model to feature number 20, Bacillota_unclassified_SGB43549
2025-11-20 08:02:59.441728 INFO::Fitting model to feature number 21, Bacillota_unclassified_SGB43550
2025-11-20 08:02:59.44397 INFO::Fitting model to feature number 22, Bacillota_unclassified_SGB63211
2025-11-20 08:02:59.448001 INFO::Fitting model to feature number 23, Bacteroidales_bacterium
2025-11-20 08:02:59.451905 INFO::Fitting model to feature number 24, Bacteroides_caecimuris
2025-11-20 08:02:59.454388 INFO::Fitting model to feature number 25, Bacteroides_intestinalis
2025-11-20 08:02:59.456694 INFO::Fitting model to feature number 26, Bifidobacterium_pseudolongum
2025-11-20 08:02:59.460408 INFO::Fitting model to feature number 27, Blautia_pseudococcoides
2025-11-20 08:02:59.463233 INFO::Fitting model to feature number 28, Caniella_muris
2025-11-20 08:02:59.467062 INFO::Fitting model to feature number 29, Clostridia_bacterium
2025-11-20 08:02:59.470951 INFO::Fitting model to feature number 30, Clostridiaceae_bacterium
2025-11-20 08:02:59.475001 INFO::Fitting model to feature number 31, Clostridiales_bacterium
2025-11-20 08:02:59.479906 INFO::Fitting model to feature number 32, Coriobacteriaceae_bacterium
2025-11-20 08:02:59.486255 INFO::Fitting model to feature number 33, Cutibacterium_acnes
2025-11-20 08:02:59.490216 INFO::Fitting model to feature number 34, Duncaniella_dubosii
2025-11-20 08:02:59.496068 INFO::Fitting model to feature number 35, Duncaniella_freteri
2025-11-20 08:02:59.501626 INFO::Fitting model to feature number 36, Duncaniella_muricolitica
2025-11-20 08:02:59.506282 INFO::Fitting model to feature number 37, Duncaniella_muris
2025-11-20 08:02:59.510522 INFO::Fitting model to feature number 38, Enterococcus_gallinarum
2025-11-20 08:02:59.513209 INFO::Fitting model to feature number 39, Escherichia_coli
2025-11-20 08:02:59.517887 INFO::Fitting model to feature number 40, Eubacteriaceae_bacterium
2025-11-20 08:02:59.522628 INFO::Fitting model to feature number 41, Faecalibaculum_rodentium
2025-11-20 08:02:59.526874 INFO::Fitting model to feature number 42, Flintibacter_SGB43538
2025-11-20 08:02:59.528982 WARNING::Fitting problem for feature 42 returning NA
2025-11-20 08:02:59.530609 INFO::Fitting model to feature number 43, GGB115370_SGB161393
2025-11-20 08:02:59.532492 WARNING::Fitting problem for feature 43 returning NA
2025-11-20 08:02:59.534008 INFO::Fitting model to feature number 44, GGB14001_SGB21428
2025-11-20 08:02:59.538331 INFO::Fitting model to feature number 45, GGB141797_SGB41693
2025-11-20 08:02:59.541076 INFO::Fitting model to feature number 46, GGB143828_SGB43507
2025-11-20 08:02:59.543087 WARNING::Fitting problem for feature 46 returning NA
2025-11-20 08:02:59.544627 INFO::Fitting model to feature number 47, GGB1503_SGB2082
2025-11-20 08:02:59.549358 INFO::Fitting model to feature number 48, GGB1690_SGB40190
2025-11-20 08:02:59.551491 WARNING::Fitting problem for feature 48 returning NA
2025-11-20 08:02:59.553058 INFO::Fitting model to feature number 49, GGB18828_SGB27767
2025-11-20 08:02:59.557243 INFO::Fitting model to feature number 50, GGB22635_SGB33556
2025-11-20 08:02:59.561291 INFO::Fitting model to feature number 51, GGB22635_SGB63107
2025-11-20 08:02:59.565503 INFO::Fitting model to feature number 52, GGB24132_SGB35935
2025-11-20 08:02:59.569517 INFO::Fitting model to feature number 53, GGB24146_SGB35950
2025-11-20 08:02:59.574021 INFO::Fitting model to feature number 54, GGB24148_SGB35952
2025-11-20 08:02:59.578032 INFO::Fitting model to feature number 55, GGB25041_SGB36960
2025-11-20 08:02:59.582036 INFO::Fitting model to feature number 56, GGB27478_SGB39772
2025-11-20 08:02:59.585958 INFO::Fitting model to feature number 57, GGB27480_SGB39776
2025-11-20 08:02:59.590351 INFO::Fitting model to feature number 58, GGB27482_SGB39778
2025-11-20 08:02:59.594542 INFO::Fitting model to feature number 59, GGB27770_SGB40184
2025-11-20 08:02:59.596601 WARNING::Fitting problem for feature 59 returning NA
2025-11-20 08:02:59.598315 INFO::Fitting model to feature number 60, GGB27849_SGB40283
2025-11-20 08:02:59.602094 INFO::Fitting model to feature number 61, GGB27860_SGB40294
2025-11-20 08:02:59.606386 INFO::Fitting model to feature number 62, GGB27861_SGB40295
2025-11-20 08:02:59.610303 INFO::Fitting model to feature number 63, GGB27866_SGB40300
2025-11-20 08:02:59.61443 INFO::Fitting model to feature number 64, GGB27873_SGB41457
2025-11-20 08:02:59.616695 INFO::Fitting model to feature number 65, GGB27876_SGB40310
2025-11-20 08:02:59.620515 INFO::Fitting model to feature number 66, GGB27884_SGB40318
2025-11-20 08:02:59.624704 INFO::Fitting model to feature number 67, GGB27885_SGB40319
2025-11-20 08:02:59.629005 INFO::Fitting model to feature number 68, GGB27894_SGB40329
2025-11-20 08:02:59.631504 INFO::Fitting model to feature number 69, GGB27919_SGB40357
2025-11-20 08:02:59.635608 INFO::Fitting model to feature number 70, GGB27929_SGB40368
2025-11-20 08:02:59.64 INFO::Fitting model to feature number 71, GGB28310_SGB40880
2025-11-20 08:02:59.643937 INFO::Fitting model to feature number 72, GGB28317_SGB40889
2025-11-20 08:02:59.64818 INFO::Fitting model to feature number 73, GGB28380_SGB40960
2025-11-20 08:02:59.65018 WARNING::Fitting problem for feature 73 returning NA
2025-11-20 08:02:59.651765 INFO::Fitting model to feature number 74, GGB28382_SGB40962
2025-11-20 08:02:59.655915 INFO::Fitting model to feature number 75, GGB28394_SGB40975
2025-11-20 08:02:59.659114 INFO::Fitting model to feature number 76, GGB28419_SGB41002
2025-11-20 08:02:59.662075 INFO::Fitting model to feature number 77, GGB28421_SGB41004
2025-11-20 08:02:59.665146 INFO::Fitting model to feature number 78, GGB28439_SGB41022
2025-11-20 08:02:59.668952 INFO::Fitting model to feature number 79, GGB28456_SGB41039
2025-11-20 08:02:59.672518 INFO::Fitting model to feature number 80, GGB28765_SGB41414
2025-11-20 08:02:59.67489 INFO::Fitting model to feature number 81, GGB28769_SGB41421
2025-11-20 08:02:59.679796 INFO::Fitting model to feature number 82, GGB28772_SGB41425
2025-11-20 08:02:59.684515 INFO::Fitting model to feature number 83, GGB28778_SGB41431
2025-11-20 08:02:59.689683 INFO::Fitting model to feature number 84, GGB28793_SGB41446
2025-11-20 08:02:59.693203 INFO::Fitting model to feature number 85, GGB28796_SGB41449
2025-11-20 08:02:59.696567 INFO::Fitting model to feature number 86, GGB28803_SGB41457
2025-11-20 08:02:59.700783 INFO::Fitting model to feature number 87, GGB28814_SGB41469
2025-11-20 08:02:59.703181 INFO::Fitting model to feature number 88, GGB28845_SGB41512
2025-11-20 08:02:59.705659 WARNING::Fitting problem for feature 88 returning NA
2025-11-20 08:02:59.707433 INFO::Fitting model to feature number 89, GGB28865_SGB41537
2025-11-20 08:02:59.709956 INFO::Fitting model to feature number 90, GGB28869_SGB41543
2025-11-20 08:02:59.712654 INFO::Fitting model to feature number 91, GGB28870_SGB41545
2025-11-20 08:02:59.716662 INFO::Fitting model to feature number 92, GGB28870_SGB41546
2025-11-20 08:02:59.720466 INFO::Fitting model to feature number 93, GGB28879_SGB43526
2025-11-20 08:02:59.726091 INFO::Fitting model to feature number 94, GGB28898_SGB41580
2025-11-20 08:02:59.732104 INFO::Fitting model to feature number 95, GGB28901_SGB41592
2025-11-20 08:02:59.737963 INFO::Fitting model to feature number 96, GGB28904_SGB41597
2025-11-20 08:02:59.743665 INFO::Fitting model to feature number 97, GGB28925_SGB41622
2025-11-20 08:02:59.746478 WARNING::Fitting problem for feature 97 returning NA
2025-11-20 08:02:59.748303 INFO::Fitting model to feature number 98, GGB28927_SGB41625
2025-11-20 08:02:59.752279 INFO::Fitting model to feature number 99, GGB28928_SGB41627
2025-11-20 08:02:59.755969 INFO::Fitting model to feature number 100, GGB28934_SGB41635
2025-11-20 08:02:59.759446 INFO::Fitting model to feature number 101, GGB28942_SGB41646
2025-11-20 08:02:59.762066 INFO::Fitting model to feature number 102, GGB28946_SGB41652
2025-11-20 08:02:59.76458 WARNING::Fitting problem for feature 102 returning NA
2025-11-20 08:02:59.766506 INFO::Fitting model to feature number 103, GGB28948_SGB41654
2025-11-20 08:02:59.769202 INFO::Fitting model to feature number 104, GGB28949_SGB41655
2025-11-20 08:02:59.775323 INFO::Fitting model to feature number 105, GGB28949_SGB41656
2025-11-20 08:02:59.779711 INFO::Fitting model to feature number 106, GGB28956_SGB41665
2025-11-20 08:02:59.78337 INFO::Fitting model to feature number 107, GGB28957_SGB41666
2025-11-20 08:02:59.785744 INFO::Fitting model to feature number 108, GGB28961_SGB41670
2025-11-20 08:02:59.788196 INFO::Fitting model to feature number 109, GGB28988_SGB41701
2025-11-20 08:02:59.792116 INFO::Fitting model to feature number 110, GGB28990_SGB41704
2025-11-20 08:02:59.794436 INFO::Fitting model to feature number 111, GGB29003_SGB41719
2025-11-20 08:02:59.797609 INFO::Fitting model to feature number 112, GGB29531_SGB42317
2025-11-20 08:02:59.801509 INFO::Fitting model to feature number 113, GGB30045_SGB42945
2025-11-20 08:02:59.805708 INFO::Fitting model to feature number 114, GGB30046_SGB42947
2025-11-20 08:02:59.809505 INFO::Fitting model to feature number 115, GGB30147_SGB43074
2025-11-20 08:02:59.811776 INFO::Fitting model to feature number 116, GGB30294_SGB43258
2025-11-20 08:02:59.815866 INFO::Fitting model to feature number 117, GGB30296_SGB43260
2025-11-20 08:02:59.817823 WARNING::Fitting problem for feature 117 returning NA
2025-11-20 08:02:59.819513 INFO::Fitting model to feature number 118, GGB30298_SGB43262
2025-11-20 08:02:59.821631 WARNING::Fitting problem for feature 118 returning NA
2025-11-20 08:02:59.823315 INFO::Fitting model to feature number 119, GGB30414_SGB43453
2025-11-20 08:02:59.825815 INFO::Fitting model to feature number 120, GGB30454_SGB43514
2025-11-20 08:02:59.827818 WARNING::Fitting problem for feature 120 returning NA
2025-11-20 08:02:59.830415 INFO::Fitting model to feature number 121, GGB30454_SGB43516
2025-11-20 08:02:59.832696 WARNING::Fitting problem for feature 121 returning NA
2025-11-20 08:02:59.834376 INFO::Fitting model to feature number 122, GGB30455_SGB43519
2025-11-20 08:02:59.838881 INFO::Fitting model to feature number 123, GGB30460_SGB43527
2025-11-20 08:02:59.841087 WARNING::Fitting problem for feature 123 returning NA
2025-11-20 08:02:59.842708 INFO::Fitting model to feature number 124, GGB30461_SGB102216
2025-11-20 08:02:59.844876 WARNING::Fitting problem for feature 124 returning NA
2025-11-20 08:02:59.846788 INFO::Fitting model to feature number 125, GGB30461_SGB43529
2025-11-20 08:02:59.848957 WARNING::Fitting problem for feature 125 returning NA
2025-11-20 08:02:59.850611 INFO::Fitting model to feature number 126, GGB30461_SGB63204
2025-11-20 08:02:59.853547 INFO::Fitting model to feature number 127, GGB30461_SGB63208
2025-11-20 08:02:59.855958 WARNING::Fitting problem for feature 127 returning NA
2025-11-20 08:02:59.857528 INFO::Fitting model to feature number 128, GGB30461_SGB63209
2025-11-20 08:02:59.861407 INFO::Fitting model to feature number 129, GGB30468_SGB43552
2025-11-20 08:02:59.863471 WARNING::Fitting problem for feature 129 returning NA
2025-11-20 08:02:59.864957 INFO::Fitting model to feature number 130, GGB30472_SGB43556
2025-11-20 08:02:59.867131 INFO::Fitting model to feature number 131, GGB30475_SGB63182
2025-11-20 08:02:59.869 WARNING::Fitting problem for feature 131 returning NA
2025-11-20 08:02:59.870608 INFO::Fitting model to feature number 132, GGB30667_SGB43809
2025-11-20 08:02:59.872887 WARNING::Fitting problem for feature 132 returning NA
2025-11-20 08:02:59.874501 INFO::Fitting model to feature number 133, GGB30861_SGB44083
2025-11-20 08:02:59.878323 INFO::Fitting model to feature number 134, GGB31108_SGB44379
2025-11-20 08:02:59.880483 WARNING::Fitting problem for feature 134 returning NA
2025-11-20 08:02:59.882009 INFO::Fitting model to feature number 135, GGB3171_SGB4185
2025-11-20 08:02:59.885644 INFO::Fitting model to feature number 136, GGB32371_SGB41694
2025-11-20 08:02:59.88788 WARNING::Fitting problem for feature 136 returning NA
2025-11-20 08:02:59.889502 INFO::Fitting model to feature number 137, GGB42322_SGB59489
2025-11-20 08:02:59.8917 INFO::Fitting model to feature number 138, GGB42570_SGB59765
2025-11-20 08:02:59.895494 INFO::Fitting model to feature number 139, GGB42598_SGB59794
2025-11-20 08:02:59.89963 INFO::Fitting model to feature number 140, GGB42646_SGB59844
2025-11-20 08:02:59.901618 WARNING::Fitting problem for feature 140 returning NA
2025-11-20 08:02:59.903137 INFO::Fitting model to feature number 141, GGB45514_SGB63186
2025-11-20 08:02:59.907298 INFO::Fitting model to feature number 142, GGB45515_SGB63187
2025-11-20 08:02:59.909374 WARNING::Fitting problem for feature 142 returning NA
2025-11-20 08:02:59.9109 INFO::Fitting model to feature number 143, GGB45656_SGB63370
2025-11-20 08:02:59.913437 INFO::Fitting model to feature number 144, GGB46159_SGB63927
2025-11-20 08:02:59.917194 INFO::Fitting model to feature number 145, GGB46162_SGB63930
2025-11-20 08:02:59.921008 INFO::Fitting model to feature number 146, GGB70518_SGB94950
2025-11-20 08:02:59.923074 WARNING::Fitting problem for feature 146 returning NA
2025-11-20 08:02:59.924592 INFO::Fitting model to feature number 147, GGB70852_SGB95305
2025-11-20 08:02:59.928731 INFO::Fitting model to feature number 148, GGB73359_SGB46611
2025-11-20 08:02:59.930904 WARNING::Fitting problem for feature 148 returning NA
2025-11-20 08:02:59.932408 INFO::Fitting model to feature number 149, GGB74395_SGB43523
2025-11-20 08:02:59.934235 WARNING::Fitting problem for feature 149 returning NA
2025-11-20 08:02:59.935676 INFO::Fitting model to feature number 150, GGB74408_SGB43542
2025-11-20 08:02:59.938196 INFO::Fitting model to feature number 151, GGB75057_SGB102223
2025-11-20 08:02:59.94028 WARNING::Fitting problem for feature 151 returning NA
2025-11-20 08:02:59.942071 INFO::Fitting model to feature number 152, GGB75074_SGB102167
2025-11-20 08:02:59.943978 WARNING::Fitting problem for feature 152 returning NA
2025-11-20 08:02:59.945511 INFO::Fitting model to feature number 153, GGB75094_SGB102310
2025-11-20 08:02:59.949029 INFO::Fitting model to feature number 154, GGB75104_SGB102231
2025-11-20 08:02:59.951477 INFO::Fitting model to feature number 155, GGB75725_SGB102612
2025-11-20 08:02:59.969132 INFO::Fitting model to feature number 156, GGB75726_SGB102611
2025-11-20 08:02:59.973499 INFO::Fitting model to feature number 157, GGB75879_SGB103683
2025-11-20 08:02:59.978469 INFO::Fitting model to feature number 158, GGB79741_SGB1950
2025-11-20 08:02:59.98196 INFO::Fitting model to feature number 159, GGB80032_SGB42945
2025-11-20 08:02:59.985287 INFO::Fitting model to feature number 160, GGB9439_SGB42949
2025-11-20 08:02:59.991733 INFO::Fitting model to feature number 161, Hominisplanchenecus_murintestinalis
2025-11-20 08:02:59.997518 INFO::Fitting model to feature number 162, Lachnospiraceae_bacterium
2025-11-20 08:03:00.002367 INFO::Fitting model to feature number 163, Lachnospiraceae_bacterium_A2
2025-11-20 08:03:00.005219 INFO::Fitting model to feature number 164, Lachnospiraceae_bacterium_MD308
2025-11-20 08:03:00.007892 INFO::Fitting model to feature number 165, Lachnospiraceae_unclassified_SGB41405
2025-11-20 08:03:00.012231 INFO::Fitting model to feature number 166, Lachnospiraceae_unclassified_SGB7275
2025-11-20 08:03:00.016697 INFO::Fitting model to feature number 167, Lactobacillus_intestinalis
2025-11-20 08:03:00.021747 INFO::Fitting model to feature number 168, Lactobacillus_johnsonii
2025-11-20 08:03:00.02682 INFO::Fitting model to feature number 169, Lepagella_muris
2025-11-20 08:03:00.032459 INFO::Fitting model to feature number 170, Ligilactobacillus_murinus
2025-11-20 08:03:00.037906 INFO::Fitting model to feature number 171, Limosilactobacillus_reuteri
2025-11-20 08:03:00.042591 INFO::Fitting model to feature number 172, Muribaculaceae_bacterium
2025-11-20 08:03:00.047741 INFO::Fitting model to feature number 173, Muribaculum_gordoncarteri
2025-11-20 08:03:00.052988 INFO::Fitting model to feature number 174, Muribaculum_intestinale
2025-11-20 08:03:00.05721 INFO::Fitting model to feature number 175, Muricaecibacterium_torontonense
2025-11-20 08:03:00.061296 INFO::Fitting model to feature number 176, Neglectibacter_caecimuris
2025-11-20 08:03:00.065547 INFO::Fitting model to feature number 177, Neglectibacter_sp_X4
2025-11-20 08:03:00.069398 INFO::Fitting model to feature number 178, Oscillibacter_SGB43496
2025-11-20 08:03:00.071877 INFO::Fitting model to feature number 179, Oscillibacter_SGB43499
2025-11-20 08:03:00.074099 WARNING::Fitting problem for feature 179 returning NA
2025-11-20 08:03:00.075778 INFO::Fitting model to feature number 180, Oscillibacter_SGB43502
2025-11-20 08:03:00.077765 WARNING::Fitting problem for feature 180 returning NA
2025-11-20 08:03:00.079484 INFO::Fitting model to feature number 181, Oscillibacter_SGB94990
2025-11-20 08:03:00.081597 WARNING::Fitting problem for feature 181 returning NA
2025-11-20 08:03:00.083156 INFO::Fitting model to feature number 182, Oscillibacter_sp_CU971
2025-11-20 08:03:00.088102 INFO::Fitting model to feature number 183, Oscillospiraceae_bacterium
2025-11-20 08:03:00.09014 WARNING::Fitting problem for feature 183 returning NA
2025-11-20 08:03:00.091746 INFO::Fitting model to feature number 184, Oscillospiraceae_unclassified_SGB102175
2025-11-20 08:03:00.09602 INFO::Fitting model to feature number 185, Oscillospiraceae_unclassified_SGB43526
2025-11-20 08:03:00.098067 WARNING::Fitting problem for feature 185 returning NA
2025-11-20 08:03:00.0996 INFO::Fitting model to feature number 186, Parabacteroides_SGB1950
2025-11-20 08:03:00.102247 INFO::Fitting model to feature number 187, Parabacteroides_distasonis
2025-11-20 08:03:00.104683 INFO::Fitting model to feature number 188, Parabacteroides_goldsteinii
2025-11-20 08:03:00.107582 INFO::Fitting model to feature number 189, Paramuribaculum_intestinale
2025-11-20 08:03:00.111201 INFO::Fitting model to feature number 190, Parasutterella_muris
2025-11-20 08:03:00.115135 INFO::Fitting model to feature number 191, Parasutterella_sp_NM82_D38
2025-11-20 08:03:00.117272 INFO::Fitting model to feature number 192, Parvibacter_caecicola
2025-11-20 08:03:00.120991 INFO::Fitting model to feature number 193, Pseudoflavonifractor_sp_524_17
2025-11-20 08:03:00.123355 INFO::Fitting model to feature number 194, Pseudomonas_aeruginosa
2025-11-20 08:03:00.125508 INFO::Fitting model to feature number 195, Sangeribacter_muris
2025-11-20 08:03:00.129409 INFO::Fitting model to feature number 196, Schaedlerella_arabinosiphila
2025-11-20 08:03:00.133079 INFO::Fitting model to feature number 197, Thomasclavelia_cocleata
2025-11-20 08:03:00.136736 INFO::Fitting model to feature number 198, Turicibacter_sp_1E2
2025-11-20 08:03:00.140779 INFO::Fitting model to feature number 199, Turicimonas_muris
2025-11-20 08:03:00.144489 INFO::Fitting model to feature number 200, bacterium_1xD42_67
2025-11-20 08:03:00.15918 INFO::Performing tests against medians
2025-11-20 08:03:01.924737 INFO::Counting total values for each feature
2025-11-20 08:03:01.934537 INFO::Running the logistic model component
2025-11-20 08:03:01.936809 DEBUG::Object: augment, Size: 56
2025-11-20 08:03:01.937148 DEBUG::Object: cluster, Size: 0
2025-11-20 08:03:01.937397 DEBUG::Object: cores, Size: 56
2025-11-20 08:03:01.937618 DEBUG::Object: correction, Size: 112
2025-11-20 08:03:01.937969 DEBUG::Object: extract_out, Size: 1696
2025-11-20 08:03:01.938203 DEBUG::Object: feature_specific_covariate, Size: 0
2025-11-20 08:03:01.938433 DEBUG::Object: feature_specific_covariate_name, Size: 0
2025-11-20 08:03:01.938768 DEBUG::Object: feature_specific_covariate_record, Size: 0
2025-11-20 08:03:01.939038 DEBUG::Object: features, Size: 102280
2025-11-20 08:03:01.939309 DEBUG::Object: formula, Size: 1288
2025-11-20 08:03:01.939661 DEBUG::Object: fun_list, Size: 70920
2025-11-20 08:03:01.940102 DEBUG::Object: func_to_run, Size: 435336
2025-11-20 08:03:01.94039 DEBUG::Object: groups, Size: 48
2025-11-20 08:03:01.940613 DEBUG::Object: median_comparison, Size: 56
2025-11-20 08:03:01.940993 DEBUG::Object: median_comparison_threshold, Size: 56
2025-11-20 08:03:01.9414 DEBUG::Object: metadata, Size: 14256
2025-11-20 08:03:01.941802 DEBUG::Object: model, Size: 120
2025-11-20 08:03:01.942114 DEBUG::Object: model_function, Size: 21016
2025-11-20 08:03:01.942355 DEBUG::Object: ordereds, Size: 48
2025-11-20 08:03:01.942586 DEBUG::Object: random_effects_formula, Size: 0
2025-11-20 08:03:01.942812 DEBUG::Object: ranef_function, Size: 0
2025-11-20 08:03:01.943039 DEBUG::Object: save_models, Size: 56
2025-11-20 08:03:01.943258 DEBUG::Object: small_random_effects, Size: 56
2025-11-20 08:03:01.943477 DEBUG::Object: strata, Size: 48
2025-11-20 08:03:01.94369 DEBUG::Object: subtract_median, Size: 56
2025-11-20 08:03:01.943929 DEBUG::Object: summary_function, Size: 49424
2025-11-20 08:03:01.94426 DEBUG::Object: func_to_run, Size: 435336
2025-11-20 08:03:01.94453 INFO::Fitting model to feature number 1, Acetatifactor_aquisgranensis
2025-11-20 08:03:01.970374 INFO::Fitting model to feature number 2, Acutalibacter_caecimuris
2025-11-20 08:03:01.977477 INFO::Fitting model to feature number 3, Acutalibacter_intestini
2025-11-20 08:03:01.98439 INFO::Fitting model to feature number 4, Acutalibacter_muris
2025-11-20 08:03:01.992721 INFO::Fitting model to feature number 5, Acutalibacter_sp_1XD8_33
2025-11-20 08:03:01.999036 INFO::Fitting model to feature number 6, Adlercreutzia_SGB42953
2025-11-20 08:03:02.004841 INFO::Fitting model to feature number 7, Adlercreutzia_aquisgranensis
2025-11-20 08:03:02.011411 INFO::Fitting model to feature number 8, Adlercreutzia_caecimuris
2025-11-20 08:03:02.017451 INFO::Fitting model to feature number 9, Adlercreutzia_mucosicola
2025-11-20 08:03:02.023493 INFO::Fitting model to feature number 10, Adlercreutzia_muris
2025-11-20 08:03:02.029359 INFO::Fitting model to feature number 11, Akkermansia_muciniphila
2025-11-20 08:03:02.035306 INFO::Fitting model to feature number 12, Alistipes_finegoldii
2025-11-20 08:03:02.041857 INFO::Fitting model to feature number 13, Alistipes_muris
2025-11-20 08:03:02.04769 INFO::Fitting model to feature number 14, Alistipes_timonensis
2025-11-20 08:03:02.053549 INFO::Fitting model to feature number 15, Anaerostipes_hominis
2025-11-20 08:03:02.06008 INFO::Fitting model to feature number 16, Anaerostipes_hominis_ex_Lee_et_al_2021
2025-11-20 08:03:02.066127 INFO::Fitting model to feature number 17, Atopobiaceae_bacterium_FL090493
2025-11-20 08:03:02.072038 INFO::Fitting model to feature number 18, Bacillota_unclassified_SGB43543
2025-11-20 08:03:02.078598 INFO::Fitting model to feature number 19, Bacillota_unclassified_SGB43546
2025-11-20 08:03:02.084454 INFO::Fitting model to feature number 20, Bacillota_unclassified_SGB43549
2025-11-20 08:03:02.091141 INFO::Fitting model to feature number 21, Bacillota_unclassified_SGB43550
2025-11-20 08:03:02.097374 INFO::Fitting model to feature number 22, Bacillota_unclassified_SGB63211
2025-11-20 08:03:02.103323 INFO::Fitting model to feature number 23, Bacteroidales_bacterium
2025-11-20 08:03:02.109453 INFO::Fitting model to feature number 24, Bacteroides_caecimuris
2025-11-20 08:03:02.115935 INFO::Fitting model to feature number 25, Bacteroides_intestinalis
2025-11-20 08:03:02.122557 INFO::Fitting model to feature number 26, Bifidobacterium_pseudolongum
2025-11-20 08:03:02.128328 INFO::Fitting model to feature number 27, Blautia_pseudococcoides
2025-11-20 08:03:02.134518 INFO::Fitting model to feature number 28, Caniella_muris
2025-11-20 08:03:02.140809 INFO::Fitting model to feature number 29, Clostridia_bacterium
2025-11-20 08:03:02.146589 INFO::Fitting model to feature number 30, Clostridiaceae_bacterium
2025-11-20 08:03:02.152457 INFO::Fitting model to feature number 31, Clostridiales_bacterium
2025-11-20 08:03:02.158686 INFO::Fitting model to feature number 32, Coriobacteriaceae_bacterium
2025-11-20 08:03:02.164654 INFO::Fitting model to feature number 33, Cutibacterium_acnes
2025-11-20 08:03:02.170871 INFO::Fitting model to feature number 34, Duncaniella_dubosii
2025-11-20 08:03:02.176994 INFO::Fitting model to feature number 35, Duncaniella_freteri
2025-11-20 08:03:02.183213 INFO::Fitting model to feature number 36, Duncaniella_muricolitica
2025-11-20 08:03:02.189325 INFO::Fitting model to feature number 37, Duncaniella_muris
2025-11-20 08:03:02.195185 INFO::Fitting model to feature number 38, Enterococcus_gallinarum
2025-11-20 08:03:02.201232 INFO::Fitting model to feature number 39, Escherichia_coli
2025-11-20 08:03:02.207311 INFO::Fitting model to feature number 40, Eubacteriaceae_bacterium
2025-11-20 08:03:02.213072 INFO::Fitting model to feature number 41, Faecalibaculum_rodentium
2025-11-20 08:03:02.214762 INFO::Fitting model to feature number 42, Flintibacter_SGB43538
2025-11-20 08:03:02.22048 INFO::Fitting model to feature number 43, GGB115370_SGB161393
2025-11-20 08:03:02.227046 INFO::Fitting model to feature number 44, GGB14001_SGB21428
2025-11-20 08:03:02.234889 INFO::Fitting model to feature number 45, GGB141797_SGB41693
2025-11-20 08:03:02.243661 INFO::Fitting model to feature number 46, GGB143828_SGB43507
2025-11-20 08:03:02.250195 INFO::Fitting model to feature number 47, GGB1503_SGB2082
2025-11-20 08:03:02.257433 INFO::Fitting model to feature number 48, GGB1690_SGB40190
2025-11-20 08:03:02.264186 INFO::Fitting model to feature number 49, GGB18828_SGB27767
2025-11-20 08:03:02.271775 INFO::Fitting model to feature number 50, GGB22635_SGB33556
2025-11-20 08:03:02.279149 INFO::Fitting model to feature number 51, GGB22635_SGB63107
2025-11-20 08:03:02.287855 INFO::Fitting model to feature number 52, GGB24132_SGB35935
2025-11-20 08:03:02.294004 INFO::Fitting model to feature number 53, GGB24146_SGB35950
2025-11-20 08:03:02.300114 INFO::Fitting model to feature number 54, GGB24148_SGB35952
2025-11-20 08:03:02.305707 INFO::Fitting model to feature number 55, GGB25041_SGB36960
2025-11-20 08:03:02.311618 INFO::Fitting model to feature number 56, GGB27478_SGB39772
2025-11-20 08:03:02.317533 INFO::Fitting model to feature number 57, GGB27480_SGB39776
2025-11-20 08:03:02.323312 INFO::Fitting model to feature number 58, GGB27482_SGB39778
2025-11-20 08:03:02.329108 INFO::Fitting model to feature number 59, GGB27770_SGB40184
2025-11-20 08:03:02.334916 INFO::Fitting model to feature number 60, GGB27849_SGB40283
2025-11-20 08:03:02.340919 INFO::Fitting model to feature number 61, GGB27860_SGB40294
2025-11-20 08:03:02.34666 INFO::Fitting model to feature number 62, GGB27861_SGB40295
2025-11-20 08:03:02.352582 INFO::Fitting model to feature number 63, GGB27866_SGB40300
2025-11-20 08:03:02.358852 INFO::Fitting model to feature number 64, GGB27873_SGB41457
2025-11-20 08:03:02.364716 INFO::Fitting model to feature number 65, GGB27876_SGB40310
2025-11-20 08:03:02.370632 INFO::Fitting model to feature number 66, GGB27884_SGB40318
2025-11-20 08:03:02.376688 INFO::Fitting model to feature number 67, GGB27885_SGB40319
2025-11-20 08:03:02.382491 INFO::Fitting model to feature number 68, GGB27894_SGB40329
2025-11-20 08:03:02.388176 INFO::Fitting model to feature number 69, GGB27919_SGB40357
2025-11-20 08:03:02.394243 INFO::Fitting model to feature number 70, GGB27929_SGB40368
2025-11-20 08:03:02.399936 INFO::Fitting model to feature number 71, GGB28310_SGB40880
2025-11-20 08:03:02.405752 INFO::Fitting model to feature number 72, GGB28317_SGB40889
2025-11-20 08:03:02.411918 INFO::Fitting model to feature number 73, GGB28380_SGB40960
2025-11-20 08:03:02.417778 INFO::Fitting model to feature number 74, GGB28382_SGB40962
2025-11-20 08:03:02.423767 INFO::Fitting model to feature number 75, GGB28394_SGB40975
2025-11-20 08:03:02.429646 INFO::Fitting model to feature number 76, GGB28419_SGB41002
2025-11-20 08:03:02.435471 INFO::Fitting model to feature number 77, GGB28421_SGB41004
2025-11-20 08:03:02.441791 INFO::Fitting model to feature number 78, GGB28439_SGB41022
2025-11-20 08:03:02.447804 INFO::Fitting model to feature number 79, GGB28456_SGB41039
2025-11-20 08:03:02.454001 INFO::Fitting model to feature number 80, GGB28765_SGB41414
2025-11-20 08:03:02.460283 INFO::Fitting model to feature number 81, GGB28769_SGB41421
2025-11-20 08:03:02.466626 INFO::Fitting model to feature number 82, GGB28772_SGB41425
2025-11-20 08:03:02.472369 INFO::Fitting model to feature number 83, GGB28778_SGB41431
2025-11-20 08:03:02.478456 INFO::Fitting model to feature number 84, GGB28793_SGB41446
2025-11-20 08:03:02.484799 INFO::Fitting model to feature number 85, GGB28796_SGB41449
2025-11-20 08:03:02.49154 INFO::Fitting model to feature number 86, GGB28803_SGB41457
2025-11-20 08:03:02.49875 INFO::Fitting model to feature number 87, GGB28814_SGB41469
2025-11-20 08:03:02.505136 INFO::Fitting model to feature number 88, GGB28845_SGB41512
2025-11-20 08:03:02.513134 INFO::Fitting model to feature number 89, GGB28865_SGB41537
2025-11-20 08:03:02.51996 INFO::Fitting model to feature number 90, GGB28869_SGB41543
2025-11-20 08:03:02.52732 INFO::Fitting model to feature number 91, GGB28870_SGB41545
2025-11-20 08:03:02.535121 INFO::Fitting model to feature number 92, GGB28870_SGB41546
2025-11-20 08:03:02.542196 INFO::Fitting model to feature number 93, GGB28879_SGB43526
2025-11-20 08:03:02.548552 INFO::Fitting model to feature number 94, GGB28898_SGB41580
2025-11-20 08:03:02.554559 INFO::Fitting model to feature number 95, GGB28901_SGB41592
2025-11-20 08:03:02.560878 INFO::Fitting model to feature number 96, GGB28904_SGB41597
2025-11-20 08:03:02.566983 INFO::Fitting model to feature number 97, GGB28925_SGB41622
2025-11-20 08:03:02.573084 INFO::Fitting model to feature number 98, GGB28927_SGB41625
2025-11-20 08:03:02.579982 INFO::Fitting model to feature number 99, GGB28928_SGB41627
2025-11-20 08:03:02.586165 INFO::Fitting model to feature number 100, GGB28934_SGB41635
2025-11-20 08:03:02.592836 INFO::Fitting model to feature number 101, GGB28942_SGB41646
2025-11-20 08:03:02.61447 INFO::Fitting model to feature number 102, GGB28946_SGB41652
2025-11-20 08:03:02.625693 INFO::Fitting model to feature number 103, GGB28948_SGB41654
2025-11-20 08:03:02.632289 INFO::Fitting model to feature number 104, GGB28949_SGB41655
2025-11-20 08:03:02.638375 INFO::Fitting model to feature number 105, GGB28949_SGB41656
2025-11-20 08:03:02.64456 INFO::Fitting model to feature number 106, GGB28956_SGB41665
2025-11-20 08:03:02.650741 INFO::Fitting model to feature number 107, GGB28957_SGB41666
2025-11-20 08:03:02.656929 INFO::Fitting model to feature number 108, GGB28961_SGB41670
2025-11-20 08:03:02.662963 INFO::Fitting model to feature number 109, GGB28988_SGB41701
2025-11-20 08:03:02.66904 INFO::Fitting model to feature number 110, GGB28990_SGB41704
2025-11-20 08:03:02.675383 INFO::Fitting model to feature number 111, GGB29003_SGB41719
2025-11-20 08:03:02.681277 INFO::Fitting model to feature number 112, GGB29531_SGB42317
2025-11-20 08:03:02.687259 INFO::Fitting model to feature number 113, GGB30045_SGB42945
2025-11-20 08:03:02.693361 INFO::Fitting model to feature number 114, GGB30046_SGB42947
2025-11-20 08:03:02.699329 INFO::Fitting model to feature number 115, GGB30147_SGB43074
2025-11-20 08:03:02.705268 INFO::Fitting model to feature number 116, GGB30294_SGB43258
2025-11-20 08:03:02.711631 INFO::Fitting model to feature number 117, GGB30296_SGB43260
2025-11-20 08:03:02.718089 INFO::Fitting model to feature number 118, GGB30298_SGB43262
2025-11-20 08:03:02.724183 INFO::Fitting model to feature number 119, GGB30414_SGB43453
2025-11-20 08:03:02.730798 INFO::Fitting model to feature number 120, GGB30454_SGB43514
2025-11-20 08:03:02.737263 INFO::Fitting model to feature number 121, GGB30454_SGB43516
2025-11-20 08:03:02.74466 INFO::Fitting model to feature number 122, GGB30455_SGB43519
2025-11-20 08:03:02.751386 INFO::Fitting model to feature number 123, GGB30460_SGB43527
2025-11-20 08:03:02.759022 INFO::Fitting model to feature number 124, GGB30461_SGB102216
2025-11-20 08:03:02.766437 INFO::Fitting model to feature number 125, GGB30461_SGB43529
2025-11-20 08:03:02.777131 INFO::Fitting model to feature number 126, GGB30461_SGB63204
2025-11-20 08:03:02.787837 INFO::Fitting model to feature number 127, GGB30461_SGB63208
2025-11-20 08:03:02.794585 INFO::Fitting model to feature number 128, GGB30461_SGB63209
2025-11-20 08:03:02.801274 INFO::Fitting model to feature number 129, GGB30468_SGB43552
2025-11-20 08:03:02.807956 INFO::Fitting model to feature number 130, GGB30472_SGB43556
2025-11-20 08:03:02.815425 INFO::Fitting model to feature number 131, GGB30475_SGB63182
2025-11-20 08:03:02.8217 INFO::Fitting model to feature number 132, GGB30667_SGB43809
2025-11-20 08:03:02.828269 INFO::Fitting model to feature number 133, GGB30861_SGB44083
2025-11-20 08:03:02.834894 INFO::Fitting model to feature number 134, GGB31108_SGB44379
2025-11-20 08:03:02.842211 INFO::Fitting model to feature number 135, GGB3171_SGB4185
2025-11-20 08:03:02.849204 INFO::Fitting model to feature number 136, GGB32371_SGB41694
2025-11-20 08:03:02.855583 INFO::Fitting model to feature number 137, GGB42322_SGB59489
2025-11-20 08:03:02.862253 INFO::Fitting model to feature number 138, GGB42570_SGB59765
2025-11-20 08:03:02.868689 INFO::Fitting model to feature number 139, GGB42598_SGB59794
2025-11-20 08:03:02.875493 INFO::Fitting model to feature number 140, GGB42646_SGB59844
2025-11-20 08:03:02.881945 INFO::Fitting model to feature number 141, GGB45514_SGB63186
2025-11-20 08:03:02.88816 INFO::Fitting model to feature number 142, GGB45515_SGB63187
2025-11-20 08:03:02.894621 INFO::Fitting model to feature number 143, GGB45656_SGB63370
2025-11-20 08:03:02.901031 INFO::Fitting model to feature number 144, GGB46159_SGB63927
2025-11-20 08:03:02.907671 INFO::Fitting model to feature number 145, GGB46162_SGB63930
2025-11-20 08:03:02.91509 INFO::Fitting model to feature number 146, GGB70518_SGB94950
2025-11-20 08:03:02.922773 INFO::Fitting model to feature number 147, GGB70852_SGB95305
2025-11-20 08:03:02.929937 INFO::Fitting model to feature number 148, GGB73359_SGB46611
2025-11-20 08:03:02.938061 INFO::Fitting model to feature number 149, GGB74395_SGB43523
2025-11-20 08:03:02.945229 INFO::Fitting model to feature number 150, GGB74408_SGB43542
2025-11-20 08:03:02.952325 INFO::Fitting model to feature number 151, GGB75057_SGB102223
2025-11-20 08:03:02.959043 INFO::Fitting model to feature number 152, GGB75074_SGB102167
2025-11-20 08:03:02.965565 INFO::Fitting model to feature number 153, GGB75094_SGB102310
2025-11-20 08:03:02.972145 INFO::Fitting model to feature number 154, GGB75104_SGB102231
2025-11-20 08:03:02.979544 INFO::Fitting model to feature number 155, GGB75725_SGB102612
2025-11-20 08:03:02.987207 INFO::Fitting model to feature number 156, GGB75726_SGB102611
2025-11-20 08:03:02.994812 INFO::Fitting model to feature number 157, GGB75879_SGB103683
2025-11-20 08:03:03.002031 INFO::Fitting model to feature number 158, GGB79741_SGB1950
2025-11-20 08:03:03.010564 INFO::Fitting model to feature number 159, GGB80032_SGB42945
2025-11-20 08:03:03.019075 INFO::Fitting model to feature number 160, GGB9439_SGB42949
2025-11-20 08:03:03.02583 INFO::Fitting model to feature number 161, Hominisplanchenecus_murintestinalis
2025-11-20 08:03:03.032859 INFO::Fitting model to feature number 162, Lachnospiraceae_bacterium
2025-11-20 08:03:03.039207 INFO::Fitting model to feature number 163, Lachnospiraceae_bacterium_A2
2025-11-20 08:03:03.04627 INFO::Fitting model to feature number 164, Lachnospiraceae_bacterium_MD308
2025-11-20 08:03:03.052908 INFO::Fitting model to feature number 165, Lachnospiraceae_unclassified_SGB41405
2025-11-20 08:03:03.05982 INFO::Fitting model to feature number 166, Lachnospiraceae_unclassified_SGB7275
2025-11-20 08:03:03.066435 INFO::Fitting model to feature number 167, Lactobacillus_intestinalis
2025-11-20 08:03:03.072635 INFO::Fitting model to feature number 168, Lactobacillus_johnsonii
2025-11-20 08:03:03.079713 INFO::Fitting model to feature number 169, Lepagella_muris
2025-11-20 08:03:03.086225 INFO::Fitting model to feature number 170, Ligilactobacillus_murinus
2025-11-20 08:03:03.093363 INFO::Fitting model to feature number 171, Limosilactobacillus_reuteri
2025-11-20 08:03:03.100007 INFO::Fitting model to feature number 172, Muribaculaceae_bacterium
2025-11-20 08:03:03.106345 INFO::Fitting model to feature number 173, Muribaculum_gordoncarteri
2025-11-20 08:03:03.113387 INFO::Fitting model to feature number 174, Muribaculum_intestinale
2025-11-20 08:03:03.11978 INFO::Fitting model to feature number 175, Muricaecibacterium_torontonense
2025-11-20 08:03:03.126369 INFO::Fitting model to feature number 176, Neglectibacter_caecimuris
2025-11-20 08:03:03.132699 INFO::Fitting model to feature number 177, Neglectibacter_sp_X4
2025-11-20 08:03:03.139058 INFO::Fitting model to feature number 178, Oscillibacter_SGB43496
2025-11-20 08:03:03.145976 INFO::Fitting model to feature number 179, Oscillibacter_SGB43499
2025-11-20 08:03:03.152448 INFO::Fitting model to feature number 180, Oscillibacter_SGB43502
2025-11-20 08:03:03.159236 INFO::Fitting model to feature number 181, Oscillibacter_SGB94990
2025-11-20 08:03:03.165805 INFO::Fitting model to feature number 182, Oscillibacter_sp_CU971
2025-11-20 08:03:03.172005 INFO::Fitting model to feature number 183, Oscillospiraceae_bacterium
2025-11-20 08:03:03.178872 INFO::Fitting model to feature number 184, Oscillospiraceae_unclassified_SGB102175
2025-11-20 08:03:03.185379 INFO::Fitting model to feature number 185, Oscillospiraceae_unclassified_SGB43526
2025-11-20 08:03:03.192177 INFO::Fitting model to feature number 186, Parabacteroides_SGB1950
2025-11-20 08:03:03.198551 INFO::Fitting model to feature number 187, Parabacteroides_distasonis
2025-11-20 08:03:03.204911 INFO::Fitting model to feature number 188, Parabacteroides_goldsteinii
2025-11-20 08:03:03.211963 INFO::Fitting model to feature number 189, Paramuribaculum_intestinale
2025-11-20 08:03:03.218849 INFO::Fitting model to feature number 190, Parasutterella_muris
2025-11-20 08:03:03.225872 INFO::Fitting model to feature number 191, Parasutterella_sp_NM82_D38
2025-11-20 08:03:03.233643 INFO::Fitting model to feature number 192, Parvibacter_caecicola
2025-11-20 08:03:03.243904 INFO::Fitting model to feature number 193, Pseudoflavonifractor_sp_524_17
2025-11-20 08:03:03.275749 INFO::Fitting model to feature number 194, Pseudomonas_aeruginosa
2025-11-20 08:03:03.285516 INFO::Fitting model to feature number 195, Sangeribacter_muris
2025-11-20 08:03:03.292144 INFO::Fitting model to feature number 196, Schaedlerella_arabinosiphila
2025-11-20 08:03:03.29879 INFO::Fitting model to feature number 197, Thomasclavelia_cocleata
2025-11-20 08:03:03.305386 INFO::Fitting model to feature number 198, Turicibacter_sp_1E2
2025-11-20 08:03:03.311996 INFO::Fitting model to feature number 199, Turicimonas_muris
2025-11-20 08:03:03.319138 INFO::Fitting model to feature number 200, bacterium_1xD42_67
2025-11-20 08:03:03.359969 INFO::Counting total values for each feature
2025-11-20 08:03:03.371584 INFO::Re-running abundances for warn_prevalence
2025-11-20 08:03:03.372263 INFO::Running selected normalization method: TSS
2025-11-20 08:03:03.380617 INFO::Running selected transform method: LOG
2025-11-20 08:03:03.384697 DEBUG::Object: augment, Size: 56
2025-11-20 08:03:03.385105 DEBUG::Object: cluster, Size: 0
2025-11-20 08:03:03.385387 DEBUG::Object: cores, Size: 56
2025-11-20 08:03:03.385632 DEBUG::Object: correction, Size: 112
2025-11-20 08:03:03.385905 DEBUG::Object: extract_out, Size: 1696
2025-11-20 08:03:03.386145 DEBUG::Object: feature_specific_covariate, Size: 0
2025-11-20 08:03:03.386374 DEBUG::Object: feature_specific_covariate_name, Size: 0
2025-11-20 08:03:03.386595 DEBUG::Object: feature_specific_covariate_record, Size: 0
2025-11-20 08:03:03.386838 DEBUG::Object: features, Size: 113592
2025-11-20 08:03:03.387065 DEBUG::Object: formula, Size: 1288
2025-11-20 08:03:03.387304 DEBUG::Object: fun_list, Size: 58768
2025-11-20 08:03:03.387638 DEBUG::Object: func_to_run, Size: 435336
2025-11-20 08:03:03.387861 DEBUG::Object: groups, Size: 48
2025-11-20 08:03:03.388083 DEBUG::Object: median_comparison, Size: 56
2025-11-20 08:03:03.388299 DEBUG::Object: median_comparison_threshold, Size: 56
2025-11-20 08:03:03.388528 DEBUG::Object: metadata, Size: 14256
2025-11-20 08:03:03.388742 DEBUG::Object: model, Size: 112
2025-11-20 08:03:03.388957 DEBUG::Object: model_function, Size: 8864
2025-11-20 08:03:03.389169 DEBUG::Object: ordereds, Size: 48
2025-11-20 08:03:03.389379 DEBUG::Object: random_effects_formula, Size: 0
2025-11-20 08:03:03.389592 DEBUG::Object: ranef_function, Size: 0
2025-11-20 08:03:03.389829 DEBUG::Object: save_models, Size: 56
2025-11-20 08:03:03.390064 DEBUG::Object: small_random_effects, Size: 56
2025-11-20 08:03:03.390349 DEBUG::Object: strata, Size: 48
2025-11-20 08:03:03.390652 DEBUG::Object: subtract_median, Size: 56
2025-11-20 08:03:03.390926 DEBUG::Object: summary_function, Size: 49424
2025-11-20 08:03:03.391267 DEBUG::Object: func_to_run, Size: 435336
2025-11-20 08:03:03.391577 INFO::Fitting model to feature number 1, Acetatifactor_aquisgranensis
2025-11-20 08:03:03.393901 INFO::Fitting model to feature number 2, Acutalibacter_caecimuris
2025-11-20 08:03:03.395862 WARNING::Fitting problem for feature 2 returning NA
2025-11-20 08:03:03.397417 INFO::Fitting model to feature number 3, Acutalibacter_intestini
2025-11-20 08:03:03.401474 INFO::Fitting model to feature number 4, Acutalibacter_muris
2025-11-20 08:03:03.405391 INFO::Fitting model to feature number 5, Acutalibacter_sp_1XD8_33
2025-11-20 08:03:03.408101 INFO::Fitting model to feature number 6, Adlercreutzia_SGB42953
2025-11-20 08:03:03.410259 WARNING::Fitting problem for feature 6 returning NA
2025-11-20 08:03:03.411953 INFO::Fitting model to feature number 7, Adlercreutzia_aquisgranensis
2025-11-20 08:03:03.416081 INFO::Fitting model to feature number 8, Adlercreutzia_caecimuris
2025-11-20 08:03:03.420041 INFO::Fitting model to feature number 9, Adlercreutzia_mucosicola
2025-11-20 08:03:03.424161 INFO::Fitting model to feature number 10, Adlercreutzia_muris
2025-11-20 08:03:03.428304 INFO::Fitting model to feature number 11, Akkermansia_muciniphila
2025-11-20 08:03:03.432436 INFO::Fitting model to feature number 12, Alistipes_finegoldii
2025-11-20 08:03:03.434856 INFO::Fitting model to feature number 13, Alistipes_muris
2025-11-20 08:03:03.438641 INFO::Fitting model to feature number 14, Alistipes_timonensis
2025-11-20 08:03:03.443088 INFO::Fitting model to feature number 15, Anaerostipes_hominis
2025-11-20 08:03:03.445486 INFO::Fitting model to feature number 16, Anaerostipes_hominis_ex_Lee_et_al_2021
2025-11-20 08:03:03.447766 INFO::Fitting model to feature number 17, Atopobiaceae_bacterium_FL090493
2025-11-20 08:03:03.450283 INFO::Fitting model to feature number 18, Bacillota_unclassified_SGB43543
2025-11-20 08:03:03.452709 INFO::Fitting model to feature number 19, Bacillota_unclassified_SGB43546
2025-11-20 08:03:03.456741 INFO::Fitting model to feature number 20, Bacillota_unclassified_SGB43549
2025-11-20 08:03:03.461299 INFO::Fitting model to feature number 21, Bacillota_unclassified_SGB43550
2025-11-20 08:03:03.464758 INFO::Fitting model to feature number 22, Bacillota_unclassified_SGB63211
2025-11-20 08:03:03.469169 INFO::Fitting model to feature number 23, Bacteroidales_bacterium
2025-11-20 08:03:03.473626 INFO::Fitting model to feature number 24, Bacteroides_caecimuris
2025-11-20 08:03:03.476656 INFO::Fitting model to feature number 25, Bacteroides_intestinalis
2025-11-20 08:03:03.479319 INFO::Fitting model to feature number 26, Bifidobacterium_pseudolongum
2025-11-20 08:03:03.483841 INFO::Fitting model to feature number 27, Blautia_pseudococcoides
2025-11-20 08:03:03.486446 INFO::Fitting model to feature number 28, Caniella_muris
2025-11-20 08:03:03.491818 INFO::Fitting model to feature number 29, Clostridia_bacterium
2025-11-20 08:03:03.496543 INFO::Fitting model to feature number 30, Clostridiaceae_bacterium
2025-11-20 08:03:03.501308 INFO::Fitting model to feature number 31, Clostridiales_bacterium
2025-11-20 08:03:03.506128 INFO::Fitting model to feature number 32, Coriobacteriaceae_bacterium
2025-11-20 08:03:03.512156 INFO::Fitting model to feature number 33, Cutibacterium_acnes
2025-11-20 08:03:03.51466 INFO::Fitting model to feature number 34, Duncaniella_dubosii
2025-11-20 08:03:03.518964 INFO::Fitting model to feature number 35, Duncaniella_freteri
2025-11-20 08:03:03.523121 INFO::Fitting model to feature number 36, Duncaniella_muricolitica
2025-11-20 08:03:03.527621 INFO::Fitting model to feature number 37, Duncaniella_muris
2025-11-20 08:03:03.53191 INFO::Fitting model to feature number 38, Enterococcus_gallinarum
2025-11-20 08:03:03.534901 INFO::Fitting model to feature number 39, Escherichia_coli
2025-11-20 08:03:03.539448 INFO::Fitting model to feature number 40, Eubacteriaceae_bacterium
2025-11-20 08:03:03.544444 INFO::Fitting model to feature number 41, Faecalibaculum_rodentium
2025-11-20 08:03:03.548661 INFO::Fitting model to feature number 42, Flintibacter_SGB43538
2025-11-20 08:03:03.551199 WARNING::Fitting problem for feature 42 returning NA
2025-11-20 08:03:03.552815 INFO::Fitting model to feature number 43, GGB115370_SGB161393
2025-11-20 08:03:03.554808 WARNING::Fitting problem for feature 43 returning NA
2025-11-20 08:03:03.55651 INFO::Fitting model to feature number 44, GGB14001_SGB21428
2025-11-20 08:03:03.560782 INFO::Fitting model to feature number 45, GGB141797_SGB41693
2025-11-20 08:03:03.563348 INFO::Fitting model to feature number 46, GGB143828_SGB43507
2025-11-20 08:03:03.565486 WARNING::Fitting problem for feature 46 returning NA
2025-11-20 08:03:03.56714 INFO::Fitting model to feature number 47, GGB1503_SGB2082
2025-11-20 08:03:03.57113 INFO::Fitting model to feature number 48, GGB1690_SGB40190
2025-11-20 08:03:03.573126 WARNING::Fitting problem for feature 48 returning NA
2025-11-20 08:03:03.574952 INFO::Fitting model to feature number 49, GGB18828_SGB27767
2025-11-20 08:03:03.579099 INFO::Fitting model to feature number 50, GGB22635_SGB33556
2025-11-20 08:03:03.58341 INFO::Fitting model to feature number 51, GGB22635_SGB63107
2025-11-20 08:03:03.587436 INFO::Fitting model to feature number 52, GGB24132_SGB35935
2025-11-20 08:03:03.591699 INFO::Fitting model to feature number 53, GGB24146_SGB35950
2025-11-20 08:03:03.595841 INFO::Fitting model to feature number 54, GGB24148_SGB35952
2025-11-20 08:03:03.59992 INFO::Fitting model to feature number 55, GGB25041_SGB36960
2025-11-20 08:03:03.603909 INFO::Fitting model to feature number 56, GGB27478_SGB39772
2025-11-20 08:03:03.608229 INFO::Fitting model to feature number 57, GGB27480_SGB39776
2025-11-20 08:03:03.612386 INFO::Fitting model to feature number 58, GGB27482_SGB39778
2025-11-20 08:03:03.616522 INFO::Fitting model to feature number 59, GGB27770_SGB40184
2025-11-20 08:03:03.618572 WARNING::Fitting problem for feature 59 returning NA
2025-11-20 08:03:03.620151 INFO::Fitting model to feature number 60, GGB27849_SGB40283
2025-11-20 08:03:03.624423 INFO::Fitting model to feature number 61, GGB27860_SGB40294
2025-11-20 08:03:03.628393 INFO::Fitting model to feature number 62, GGB27861_SGB40295
2025-11-20 08:03:03.632521 INFO::Fitting model to feature number 63, GGB27866_SGB40300
2025-11-20 08:03:03.636576 INFO::Fitting model to feature number 64, GGB27873_SGB41457
2025-11-20 08:03:03.638882 INFO::Fitting model to feature number 65, GGB27876_SGB40310
2025-11-20 08:03:03.643375 INFO::Fitting model to feature number 66, GGB27884_SGB40318
2025-11-20 08:03:03.647433 INFO::Fitting model to feature number 67, GGB27885_SGB40319
2025-11-20 08:03:03.651778 INFO::Fitting model to feature number 68, GGB27894_SGB40329
2025-11-20 08:03:03.654166 INFO::Fitting model to feature number 69, GGB27919_SGB40357
2025-11-20 08:03:03.658432 INFO::Fitting model to feature number 70, GGB27929_SGB40368
2025-11-20 08:03:03.662579 INFO::Fitting model to feature number 71, GGB28310_SGB40880
2025-11-20 08:03:03.666756 INFO::Fitting model to feature number 72, GGB28317_SGB40889
2025-11-20 08:03:03.670745 INFO::Fitting model to feature number 73, GGB28380_SGB40960
2025-11-20 08:03:03.672779 WARNING::Fitting problem for feature 73 returning NA
2025-11-20 08:03:03.67461 INFO::Fitting model to feature number 74, GGB28382_SGB40962
2025-11-20 08:03:03.67862 INFO::Fitting model to feature number 75, GGB28394_SGB40975
2025-11-20 08:03:03.681561 INFO::Fitting model to feature number 76, GGB28419_SGB41002
2025-11-20 08:03:03.684633 INFO::Fitting model to feature number 77, GGB28421_SGB41004
2025-11-20 08:03:03.687478 INFO::Fitting model to feature number 78, GGB28439_SGB41022
2025-11-20 08:03:03.691656 INFO::Fitting model to feature number 79, GGB28456_SGB41039
2025-11-20 08:03:03.694809 INFO::Fitting model to feature number 80, GGB28765_SGB41414
2025-11-20 08:03:03.697106 INFO::Fitting model to feature number 81, GGB28769_SGB41421
2025-11-20 08:03:03.701132 INFO::Fitting model to feature number 82, GGB28772_SGB41425
2025-11-20 08:03:03.705452 INFO::Fitting model to feature number 83, GGB28778_SGB41431
2025-11-20 08:03:03.710515 INFO::Fitting model to feature number 84, GGB28793_SGB41446
2025-11-20 08:03:03.713359 INFO::Fitting model to feature number 85, GGB28796_SGB41449
2025-11-20 08:03:03.716225 INFO::Fitting model to feature number 86, GGB28803_SGB41457
2025-11-20 08:03:03.720784 INFO::Fitting model to feature number 87, GGB28814_SGB41469
2025-11-20 08:03:03.723632 INFO::Fitting model to feature number 88, GGB28845_SGB41512
2025-11-20 08:03:03.72616 WARNING::Fitting problem for feature 88 returning NA
2025-11-20 08:03:03.727895 INFO::Fitting model to feature number 89, GGB28865_SGB41537
2025-11-20 08:03:03.730519 INFO::Fitting model to feature number 90, GGB28869_SGB41543
2025-11-20 08:03:03.733165 INFO::Fitting model to feature number 91, GGB28870_SGB41545
2025-11-20 08:03:03.735903 INFO::Fitting model to feature number 92, GGB28870_SGB41546
2025-11-20 08:03:03.738672 INFO::Fitting model to feature number 93, GGB28879_SGB43526
2025-11-20 08:03:03.744267 INFO::Fitting model to feature number 94, GGB28898_SGB41580
2025-11-20 08:03:03.748965 INFO::Fitting model to feature number 95, GGB28901_SGB41592
2025-11-20 08:03:03.754669 INFO::Fitting model to feature number 96, GGB28904_SGB41597
2025-11-20 08:03:03.759272 INFO::Fitting model to feature number 97, GGB28925_SGB41622
2025-11-20 08:03:03.761462 WARNING::Fitting problem for feature 97 returning NA
2025-11-20 08:03:03.763248 INFO::Fitting model to feature number 98, GGB28927_SGB41625
2025-11-20 08:03:03.76652 INFO::Fitting model to feature number 99, GGB28928_SGB41627
2025-11-20 08:03:03.76913 INFO::Fitting model to feature number 100, GGB28934_SGB41635
2025-11-20 08:03:03.771583 INFO::Fitting model to feature number 101, GGB28942_SGB41646
2025-11-20 08:03:03.774974 INFO::Fitting model to feature number 102, GGB28946_SGB41652
2025-11-20 08:03:03.777219 WARNING::Fitting problem for feature 102 returning NA
2025-11-20 08:03:03.778865 INFO::Fitting model to feature number 103, GGB28948_SGB41654
2025-11-20 08:03:03.781192 INFO::Fitting model to feature number 104, GGB28949_SGB41655
2025-11-20 08:03:03.7866 INFO::Fitting model to feature number 105, GGB28949_SGB41656
2025-11-20 08:03:03.790799 INFO::Fitting model to feature number 106, GGB28956_SGB41665
2025-11-20 08:03:03.793517 INFO::Fitting model to feature number 107, GGB28957_SGB41666
2025-11-20 08:03:03.795985 INFO::Fitting model to feature number 108, GGB28961_SGB41670
2025-11-20 08:03:03.798566 INFO::Fitting model to feature number 109, GGB28988_SGB41701
2025-11-20 08:03:03.802813 INFO::Fitting model to feature number 110, GGB28990_SGB41704
2025-11-20 08:03:03.805191 INFO::Fitting model to feature number 111, GGB29003_SGB41719
2025-11-20 08:03:03.809006 INFO::Fitting model to feature number 112, GGB29531_SGB42317
2025-11-20 08:03:03.813388 INFO::Fitting model to feature number 113, GGB30045_SGB42945
2025-11-20 08:03:03.817626 INFO::Fitting model to feature number 114, GGB30046_SGB42947
2025-11-20 08:03:03.822114 INFO::Fitting model to feature number 115, GGB30147_SGB43074
2025-11-20 08:03:03.826264 INFO::Fitting model to feature number 116, GGB30294_SGB43258
2025-11-20 08:03:03.830577 INFO::Fitting model to feature number 117, GGB30296_SGB43260
2025-11-20 08:03:03.832809 WARNING::Fitting problem for feature 117 returning NA
2025-11-20 08:03:03.834475 INFO::Fitting model to feature number 118, GGB30298_SGB43262
2025-11-20 08:03:03.836457 WARNING::Fitting problem for feature 118 returning NA
2025-11-20 08:03:03.838088 INFO::Fitting model to feature number 119, GGB30414_SGB43453
2025-11-20 08:03:03.840427 INFO::Fitting model to feature number 120, GGB30454_SGB43514
2025-11-20 08:03:03.8429 WARNING::Fitting problem for feature 120 returning NA
2025-11-20 08:03:03.844553 INFO::Fitting model to feature number 121, GGB30454_SGB43516
2025-11-20 08:03:03.846578 WARNING::Fitting problem for feature 121 returning NA
2025-11-20 08:03:03.848164 INFO::Fitting model to feature number 122, GGB30455_SGB43519
2025-11-20 08:03:03.852649 INFO::Fitting model to feature number 123, GGB30460_SGB43527
2025-11-20 08:03:03.854828 WARNING::Fitting problem for feature 123 returning NA
2025-11-20 08:03:03.856467 INFO::Fitting model to feature number 124, GGB30461_SGB102216
2025-11-20 08:03:03.858775 WARNING::Fitting problem for feature 124 returning NA
2025-11-20 08:03:03.860427 INFO::Fitting model to feature number 125, GGB30461_SGB43529
2025-11-20 08:03:03.862498 WARNING::Fitting problem for feature 125 returning NA
2025-11-20 08:03:03.864213 INFO::Fitting model to feature number 126, GGB30461_SGB63204
2025-11-20 08:03:03.867274 INFO::Fitting model to feature number 127, GGB30461_SGB63208
2025-11-20 08:03:03.869351 WARNING::Fitting problem for feature 127 returning NA
2025-11-20 08:03:03.871119 INFO::Fitting model to feature number 128, GGB30461_SGB63209
2025-11-20 08:03:03.875929 INFO::Fitting model to feature number 129, GGB30468_SGB43552
2025-11-20 08:03:03.87804 WARNING::Fitting problem for feature 129 returning NA
2025-11-20 08:03:03.879622 INFO::Fitting model to feature number 130, GGB30472_SGB43556
2025-11-20 08:03:03.882076 INFO::Fitting model to feature number 131, GGB30475_SGB63182
2025-11-20 08:03:03.884184 WARNING::Fitting problem for feature 131 returning NA
2025-11-20 08:03:03.885796 INFO::Fitting model to feature number 132, GGB30667_SGB43809
2025-11-20 08:03:03.88774 WARNING::Fitting problem for feature 132 returning NA
2025-11-20 08:03:03.889305 INFO::Fitting model to feature number 133, GGB30861_SGB44083
2025-11-20 08:03:03.893782 INFO::Fitting model to feature number 134, GGB31108_SGB44379
2025-11-20 08:03:03.895905 WARNING::Fitting problem for feature 134 returning NA
2025-11-20 08:03:03.897477 INFO::Fitting model to feature number 135, GGB3171_SGB4185
2025-11-20 08:03:03.901858 INFO::Fitting model to feature number 136, GGB32371_SGB41694
2025-11-20 08:03:03.903969 WARNING::Fitting problem for feature 136 returning NA
2025-11-20 08:03:03.905574 INFO::Fitting model to feature number 137, GGB42322_SGB59489
2025-11-20 08:03:03.908709 INFO::Fitting model to feature number 138, GGB42570_SGB59765
2025-11-20 08:03:03.913265 INFO::Fitting model to feature number 139, GGB42598_SGB59794
2025-11-20 08:03:03.917951 INFO::Fitting model to feature number 140, GGB42646_SGB59844
2025-11-20 08:03:03.920128 WARNING::Fitting problem for feature 140 returning NA
2025-11-20 08:03:03.921787 INFO::Fitting model to feature number 141, GGB45514_SGB63186
2025-11-20 08:03:03.926082 INFO::Fitting model to feature number 142, GGB45515_SGB63187
2025-11-20 08:03:03.928283 WARNING::Fitting problem for feature 142 returning NA
2025-11-20 08:03:03.929941 INFO::Fitting model to feature number 143, GGB45656_SGB63370
2025-11-20 08:03:03.932708 INFO::Fitting model to feature number 144, GGB46159_SGB63927
2025-11-20 08:03:03.937478 INFO::Fitting model to feature number 145, GGB46162_SGB63930
2025-11-20 08:03:03.941865 INFO::Fitting model to feature number 146, GGB70518_SGB94950
2025-11-20 08:03:03.944427 WARNING::Fitting problem for feature 146 returning NA
2025-11-20 08:03:03.946252 INFO::Fitting model to feature number 147, GGB70852_SGB95305
2025-11-20 08:03:03.951375 INFO::Fitting model to feature number 148, GGB73359_SGB46611
2025-11-20 08:03:03.953742 WARNING::Fitting problem for feature 148 returning NA
2025-11-20 08:03:03.955628 INFO::Fitting model to feature number 149, GGB74395_SGB43523
2025-11-20 08:03:03.958235 WARNING::Fitting problem for feature 149 returning NA
2025-11-20 08:03:03.960231 INFO::Fitting model to feature number 150, GGB74408_SGB43542
2025-11-20 08:03:03.963102 INFO::Fitting model to feature number 151, GGB75057_SGB102223
2025-11-20 08:03:03.965935 WARNING::Fitting problem for feature 151 returning NA
2025-11-20 08:03:03.967988 INFO::Fitting model to feature number 152, GGB75074_SGB102167
2025-11-20 08:03:03.970294 WARNING::Fitting problem for feature 152 returning NA
2025-11-20 08:03:03.972166 INFO::Fitting model to feature number 153, GGB75094_SGB102310
2025-11-20 08:03:03.975434 INFO::Fitting model to feature number 154, GGB75104_SGB102231
2025-11-20 08:03:03.978184 INFO::Fitting model to feature number 155, GGB75725_SGB102612
2025-11-20 08:03:03.983151 INFO::Fitting model to feature number 156, GGB75726_SGB102611
2025-11-20 08:03:03.987932 INFO::Fitting model to feature number 157, GGB75879_SGB103683
2025-11-20 08:03:03.993666 INFO::Fitting model to feature number 158, GGB79741_SGB1950
2025-11-20 08:03:03.997234 INFO::Fitting model to feature number 159, GGB80032_SGB42945
2025-11-20 08:03:04.000629 INFO::Fitting model to feature number 160, GGB9439_SGB42949
2025-11-20 08:03:04.004839 INFO::Fitting model to feature number 161, Hominisplanchenecus_murintestinalis
2025-11-20 08:03:04.00963 INFO::Fitting model to feature number 162, Lachnospiraceae_bacterium
2025-11-20 08:03:04.014054 INFO::Fitting model to feature number 163, Lachnospiraceae_bacterium_A2
2025-11-20 08:03:04.016645 INFO::Fitting model to feature number 164, Lachnospiraceae_bacterium_MD308
2025-11-20 08:03:04.019022 INFO::Fitting model to feature number 165, Lachnospiraceae_unclassified_SGB41405
2025-11-20 08:03:04.023089 INFO::Fitting model to feature number 166, Lachnospiraceae_unclassified_SGB7275
2025-11-20 08:03:04.02757 INFO::Fitting model to feature number 167, Lactobacillus_intestinalis
2025-11-20 08:03:04.031662 INFO::Fitting model to feature number 168, Lactobacillus_johnsonii
2025-11-20 08:03:04.035872 INFO::Fitting model to feature number 169, Lepagella_muris
2025-11-20 08:03:04.039868 INFO::Fitting model to feature number 170, Ligilactobacillus_murinus
2025-11-20 08:03:04.044377 INFO::Fitting model to feature number 171, Limosilactobacillus_reuteri
2025-11-20 08:03:04.048598 INFO::Fitting model to feature number 172, Muribaculaceae_bacterium
2025-11-20 08:03:04.052891 INFO::Fitting model to feature number 173, Muribaculum_gordoncarteri
2025-11-20 08:03:04.057154 INFO::Fitting model to feature number 174, Muribaculum_intestinale
2025-11-20 08:03:04.061521 INFO::Fitting model to feature number 175, Muricaecibacterium_torontonense
2025-11-20 08:03:04.065922 INFO::Fitting model to feature number 176, Neglectibacter_caecimuris
2025-11-20 08:03:04.069988 INFO::Fitting model to feature number 177, Neglectibacter_sp_X4
2025-11-20 08:03:04.074249 INFO::Fitting model to feature number 178, Oscillibacter_SGB43496
2025-11-20 08:03:04.076955 INFO::Fitting model to feature number 179, Oscillibacter_SGB43499
2025-11-20 08:03:04.079021 WARNING::Fitting problem for feature 179 returning NA
2025-11-20 08:03:04.080679 INFO::Fitting model to feature number 180, Oscillibacter_SGB43502
2025-11-20 08:03:04.082933 WARNING::Fitting problem for feature 180 returning NA
2025-11-20 08:03:04.084698 INFO::Fitting model to feature number 181, Oscillibacter_SGB94990
2025-11-20 08:03:04.086737 WARNING::Fitting problem for feature 181 returning NA
2025-11-20 08:03:04.088304 INFO::Fitting model to feature number 182, Oscillibacter_sp_CU971
2025-11-20 08:03:04.09294 INFO::Fitting model to feature number 183, Oscillospiraceae_bacterium
2025-11-20 08:03:04.09615 WARNING::Fitting problem for feature 183 returning NA
2025-11-20 08:03:04.09819 INFO::Fitting model to feature number 184, Oscillospiraceae_unclassified_SGB102175
2025-11-20 08:03:04.102866 INFO::Fitting model to feature number 185, Oscillospiraceae_unclassified_SGB43526
2025-11-20 08:03:04.104958 WARNING::Fitting problem for feature 185 returning NA
2025-11-20 08:03:04.106617 INFO::Fitting model to feature number 186, Parabacteroides_SGB1950
2025-11-20 08:03:04.110183 INFO::Fitting model to feature number 187, Parabacteroides_distasonis
2025-11-20 08:03:04.1128 INFO::Fitting model to feature number 188, Parabacteroides_goldsteinii
2025-11-20 08:03:04.116118 INFO::Fitting model to feature number 189, Paramuribaculum_intestinale
2025-11-20 08:03:04.120228 INFO::Fitting model to feature number 190, Parasutterella_muris
2025-11-20 08:03:04.124662 INFO::Fitting model to feature number 191, Parasutterella_sp_NM82_D38
2025-11-20 08:03:04.142661 INFO::Fitting model to feature number 192, Parvibacter_caecicola
2025-11-20 08:03:04.146819 INFO::Fitting model to feature number 193, Pseudoflavonifractor_sp_524_17
2025-11-20 08:03:04.149399 INFO::Fitting model to feature number 194, Pseudomonas_aeruginosa
2025-11-20 08:03:04.151891 INFO::Fitting model to feature number 195, Sangeribacter_muris
2025-11-20 08:03:04.155806 INFO::Fitting model to feature number 196, Schaedlerella_arabinosiphila
2025-11-20 08:03:04.160305 INFO::Fitting model to feature number 197, Thomasclavelia_cocleata
2025-11-20 08:03:04.164397 INFO::Fitting model to feature number 198, Turicibacter_sp_1E2
2025-11-20 08:03:04.168484 INFO::Fitting model to feature number 199, Turicimonas_muris
2025-11-20 08:03:04.172865 INFO::Fitting model to feature number 200, bacterium_1xD42_67
2025-11-20 08:03:04.254736 WARNING::Deleting existing model objects file: /home/julianne/Documents/slc_si_paper/results/SMT_Maaslin3/Full//Site_Sex_Genotype/fits/models_linear.rds
2025-11-20 08:03:04.256432 INFO::Writing model objects to file /home/julianne/Documents/slc_si_paper/results/SMT_Maaslin3/Full//Site_Sex_Genotype/fits/models_linear.rds
2025-11-20 08:03:04.514036 WARNING::Deleting existing residuals file: /home/julianne/Documents/slc_si_paper/results/SMT_Maaslin3/Full//Site_Sex_Genotype/fits/residuals_linear.rds
2025-11-20 08:03:04.515185 INFO::Writing residuals to file /home/julianne/Documents/slc_si_paper/results/SMT_Maaslin3/Full//Site_Sex_Genotype/fits/residuals_linear.rds
2025-11-20 08:03:04.518205 WARNING::Deleting existing fitted file: /home/julianne/Documents/slc_si_paper/results/SMT_Maaslin3/Full//Site_Sex_Genotype/fits/fitted_linear.rds
2025-11-20 08:03:04.519702 INFO::Writing fitted values to file /home/julianne/Documents/slc_si_paper/results/SMT_Maaslin3/Full//Site_Sex_Genotype/fits/fitted_linear.rds
2025-11-20 08:03:04.522076 WARNING::Deleting existing model objects file: /home/julianne/Documents/slc_si_paper/results/SMT_Maaslin3/Full//Site_Sex_Genotype/fits/models_logistic.rds
2025-11-20 08:03:04.524741 INFO::Writing model objects to file /home/julianne/Documents/slc_si_paper/results/SMT_Maaslin3/Full//Site_Sex_Genotype/fits/models_logistic.rds
2025-11-20 08:03:09.307015 WARNING::Deleting existing residuals file: /home/julianne/Documents/slc_si_paper/results/SMT_Maaslin3/Full//Site_Sex_Genotype/fits/residuals_logistic.rds
2025-11-20 08:03:09.308481 INFO::Writing residuals to file /home/julianne/Documents/slc_si_paper/results/SMT_Maaslin3/Full//Site_Sex_Genotype/fits/residuals_logistic.rds
2025-11-20 08:03:09.314193 WARNING::Deleting existing fitted file: /home/julianne/Documents/slc_si_paper/results/SMT_Maaslin3/Full//Site_Sex_Genotype/fits/fitted_logistic.rds
2025-11-20 08:03:09.315814 INFO::Writing fitted values to file /home/julianne/Documents/slc_si_paper/results/SMT_Maaslin3/Full//Site_Sex_Genotype/fits/fitted_logistic.rds
2025-11-20 08:03:09.323323 INFO::Writing all the results to file (ordered 
            by increasing individual q-values): /home/julianne/Documents/slc_si_paper/results/SMT_Maaslin3/Full//Site_Sex_Genotype/all_results.tsv
2025-11-20 08:03:09.335118 INFO::Writing the significant results without errors (those which have joint q-values less than or equal to the threshold of 0.250000 ) to file (ordered by increasing individual q-values): /home/julianne/Documents/slc_si_paper/results/SMT_Maaslin3/Full//Site_Sex_Genotype/significant_results.tsv
2025-11-20 08:03:09.339837 INFO::Writing summary plot of significant
                        results to file: /home/julianne/Documents/slc_si_paper/results/SMT_Maaslin3/Full//Site_Sex_Genotype/figures/summary_plot.pdf
2025-11-20 08:03:11.49908 INFO::Writing association plots (one for each significant association) to output folder: /home/julianne/Documents/slc_si_paper/results/SMT_Maaslin3/Full//Site_Sex_Genotype/figures
2025-11-20 08:03:11.500681 INFO::Plotting associations from most to least significant, grouped by metadata
2025-11-20 08:03:11.504371 INFO::Creating box plot for categorical data (linear), 
                        Sex vs GGB22635_SGB63107
2025-11-20 08:03:11.523808 INFO::Creating box plot for categorical data (linear), 
                        Sex vs GGB30045_SGB42945
2025-11-20 08:03:11.54616 INFO::Creating tile plot for categorical data (logistic), Sex vs GGB27876_SGB40310
2025-11-20 08:03:11.57871 INFO::Creating tile plot for categorical data (logistic), Sex vs Parvibacter_caecicola
2025-11-20 08:03:11.618922 INFO::Creating box plot for categorical data (linear), 
                        Sex vs GGB28310_SGB40880
2025-11-20 08:03:11.638776 INFO::Creating box plot for categorical data (linear), 
                        Sex vs GGB30046_SGB42947
2025-11-20 08:03:11.657977 INFO::Creating tile plot for categorical data (logistic), Sex vs GGB22635_SGB63107
2025-11-20 08:03:11.685159 INFO::Creating tile plot for categorical data (logistic), Sex vs GGB75725_SGB102612
2025-11-20 08:03:11.71217 INFO::Creating tile plot for categorical data (logistic), Sex vs Bacteroidales_bacterium
2025-11-20 08:03:11.739536 INFO::Creating tile plot for categorical data (logistic), Sex vs Lactobacillus_intestinalis
2025-11-20 08:03:11.767185 INFO::Creating tile plot for categorical data (logistic), Sex vs Coriobacteriaceae_bacterium
2025-11-20 08:03:11.799803 INFO::Creating tile plot for categorical data (logistic), Sex vs GGB24146_SGB35950
2025-11-20 08:03:11.832469 INFO::Creating tile plot for categorical data (logistic), Sex vs GGB27884_SGB40318
2025-11-20 08:03:11.862884 INFO::Creating box plot for categorical data (linear), 
                        Sex vs GGB9439_SGB42949
2025-11-20 08:03:11.8853 INFO::Creating tile plot for categorical data (logistic), Sex vs Adlercreutzia_mucosicola
2025-11-20 08:03:11.915181 INFO::Creating tile plot for categorical data (logistic), Sex vs GGB30046_SGB42947
2025-11-20 08:03:11.944653 INFO::Creating tile plot for categorical data (logistic), Sex vs Muribaculaceae_bacterium
2025-11-20 08:03:11.974757 INFO::Creating box plot for categorical data (linear), 
                        Genotype vs GGB14001_SGB21428
2025-11-20 08:03:11.996231 INFO::Creating box plot for categorical data (linear), 
                        Sex vs Adlercreutzia_caecimuris
2025-11-20 08:03:12.018606 INFO::Creating tile plot for categorical data (logistic), Sex vs Adlercreutzia_aquisgranensis
